0002 |Declarations
0003 |
0004 |"O0	Fetch 2MHz mode (A13 bei 1571)
0005 |"O1	Eprom A13
0006 |"O2	RAM-/CS1, enabling line to IC9
0007 |"O3	Select-A[0..3|4..7]->AL, (enabling line to IC4)
0008 |"O4	ROM-/CE, enabling line to IC8
0009 |"O5	A15 - Ext (A14-ext bei1571)
0010 |"O6	/EN-A[4..7]->AH, enabling line to IC5, pin 1
0011 |"O7	Eprom A14
0012 |"O8	A12 -Ext
0013 |"O9	A11 - Ext
0014 |
0015 |"Belegung für V.04 Platine
0016 |
0017 |"A11,A15,A14,A13,A12,off,ram,low,high,C1571	pin 8,7,6,5,4,1,9,10,11,13;
0018 |"O0,O1,O2,O3,O4,O5,O6,O7,O8,O9			pin 15,18,20,17,19,14,22,21,16,23 istype 'com';
0019 |
0020 |
0021 |"Belegung für Prototyp Platine
0022 |
0023 |"A11,A15,A14,A13,A12,off,high,ram,low,C1571	pin 7..1,10,9,11;
0024 |"O0,O1,O2,O3,O4,O5,O6,O7,O8,O9			pin 14..23 istype 'com';
0025 |
0026 |
0027 |"Belegung für Prototyp V1,1 Platine
0028 |
0029 |off,ram,low,!high,C1571,A11,A15,A14,A13,A12	pin 13,11..3;
0030 |O0,O1,O2,O3,O4,O5,O6,O7,O8,O9			pin 14,15,16,17,18,22,20,21,19,23 istype 'com';
0031 |
0032 |
0033 |
0034 |
0035 |x = .X.; "simplify notation for don't care constant 
0036 |
0037 |truth_table([C1571,low,ram,off,high,A15,A14,A13,A12,A11] -> [O5,O8,O9,O7,O1,O4,O2,O6,O3,O0])
0038 |	[0,x,x,0,x,0,0,0,0,0] -> [0,0,0,x,x,1,1,0,0,0];	"ProfDos 1571 ein
0039 |	[0,x,x,0,x,0,0,0,0,1] -> [0,0,1,x,x,1,1,0,0,0];
0040 |	[0,x,x,0,x,0,0,0,1,0] -> [0,1,0,x,x,1,1,0,0,0];
0041 |	[0,x,x,0,x,0,0,0,1,1] -> [0,1,1,x,x,1,1,0,0,0];
0042 |	[0,x,x,0,x,0,0,1,0,0] -> [0,0,0,x,x,1,1,0,0,1];
0043 |	[0,x,x,0,x,0,0,1,0,1] -> [0,0,1,x,x,1,1,0,0,1];
0044 |	[0,x,x,0,x,0,0,1,1,0] -> [0,1,0,x,x,1,1,0,0,1];
0045 |	[0,x,x,0,x,0,0,1,1,1] -> [0,1,1,x,x,1,1,0,0,1];	"auf V0.4 / Prototyp Eprom A13 noch gekoppelt mit CS von RAM
0046 |	[0,x,x,0,x,0,1,0,0,0] -> [1,0,0,x,x,1,1,x,x,0];	"Platz für CIA lassen
0047 |	[0,x,x,0,x,0,1,0,0,1] -> [0,1,0,x,1,1,0,0,0,0];	"CIA ausblenden für ProfDOS RAM
0048 |	[0,x,x,0,x,0,1,0,1,0] -> [0,1,0,x,1,1,0,0,0,0];
0049 |	[0,x,x,0,x,0,1,0,1,1] -> [0,1,0,x,1,1,0,0,0,0];
0050 |	[0,x,x,0,x,0,1,1,0,0] -> [0,1,0,0,1,0,1,0,0,0];	"CIA ausblenden für DOS-Extension
0051 |	[0,x,x,0,x,0,1,1,0,1] -> [0,1,0,0,1,0,1,0,0,0];
0052 |	[0,x,x,0,x,0,1,1,1,0] -> [0,1,0,0,1,0,1,1,0,0];	"CIA ausblenden für GCR
0053 |	[0,x,x,0,x,0,1,1,1,1] -> [0,1,0,0,1,0,1,1,1,0];
0054 |	[0,x,x,0,x,1,0,0,0,0] -> [0,0,0,x,x,1,1,0,0,0];	"getauschtes ROM auf dem Board
0055 |	[0,x,x,0,x,1,0,0,0,1] -> [0,0,1,x,x,1,1,0,0,0];
0056 |	[0,x,x,0,x,1,0,0,1,0] -> [0,1,0,x,x,1,1,0,0,0];
0057 |	[0,x,x,0,x,1,0,0,1,1] -> [0,1,1,x,x,1,1,0,0,0];
0058 |	[0,x,x,0,x,1,0,1,0,0] -> [0,0,0,x,x,1,1,0,0,1];
0059 |	[0,x,x,0,x,1,0,1,0,1] -> [0,0,1,x,x,1,1,0,0,1];
0060 |	[0,x,x,0,x,1,0,1,1,0] -> [0,1,0,x,x,1,1,0,0,1];
0061 |	[0,x,x,0,x,1,0,1,1,1] -> [0,1,1,x,x,1,1,0,0,1];
0062 |	[0,x,x,0,x,1,1,0,0,0] -> [1,0,0,x,x,1,1,0,0,0];
0063 |	[0,x,x,0,x,1,1,0,0,1] -> [1,0,1,x,x,1,1,0,0,0];
0064 |	[0,x,x,0,x,1,1,0,1,0] -> [1,1,0,x,x,1,1,0,0,0];
0065 |	[0,x,x,0,x,1,1,0,1,1] -> [1,1,1,x,x,1,1,0,0,0];
0066 |	[0,x,x,0,x,1,1,1,0,0] -> [1,0,0,x,x,1,1,0,0,1];
0067 |	[0,x,x,0,x,1,1,1,0,1] -> [1,0,1,x,x,1,1,0,0,1];
0068 |	[0,x,x,0,x,1,1,1,1,0] -> [1,1,0,x,x,1,1,0,0,1];
0069 |	[0,x,x,0,x,1,1,1,1,1] -> [1,1,1,x,x,1,1,0,0,1];
0070 |	[0,x,x,1,x,0,0,0,0,0] -> [0,0,0,x,x,1,1,x,x,0];	"ProfDos 1571 aus
0071 |	[0,x,x,1,x,0,0,0,0,1] -> [0,0,1,x,x,1,1,x,x,0];
0072 |	[0,x,x,1,x,0,0,0,1,0] -> [0,1,0,x,x,1,1,x,x,0];
0073 |	[0,x,x,1,x,0,0,0,1,1] -> [0,1,1,x,x,1,1,x,x,0];
0074 |	[0,x,x,1,x,0,0,1,0,0] -> [0,0,0,x,x,1,1,x,x,1];
0075 |	[0,x,x,1,x,0,0,1,0,1] -> [0,0,1,x,x,1,1,x,x,1];
0076 |	[0,x,x,1,x,0,0,1,1,0] -> [0,1,0,x,x,1,1,x,x,1];
0077 |	[0,x,x,1,x,0,0,1,1,1] -> [0,1,1,x,x,1,1,x,x,1];
0078 |	[0,x,x,1,x,0,1,0,0,0] -> [1,0,0,x,x,1,1,x,x,0];
0079 |	[0,x,x,1,x,0,1,0,0,1] -> [1,0,1,x,x,1,1,x,x,0];
0080 |	[0,x,x,1,x,0,1,0,1,0] -> [1,1,0,x,x,1,1,x,x,0];
0081 |	[0,x,x,1,x,0,1,0,1,1] -> [1,1,1,x,x,1,1,x,x,0];
0082 |	[0,x,x,1,x,0,1,1,0,0] -> [1,0,0,x,x,1,1,x,x,1];	"leer
0083 |	[0,x,x,1,x,0,1,1,0,1] -> [1,0,1,x,x,1,1,x,x,1];
0084 |	[0,x,x,1,x,0,1,1,1,0] -> [1,1,0,x,x,1,1,x,x,1];	"leer
0085 |	[0,x,x,1,x,0,1,1,1,1] -> [1,1,1,x,x,1,1,x,x,1];
0086 |	[0,x,x,1,x,1,0,0,0,0] -> [0,0,0,x,x,1,1,x,x,0];
0087 |	[0,x,x,1,x,1,0,0,0,1] -> [0,0,1,x,x,1,1,x,x,0];
0088 |	[0,x,x,1,x,1,0,0,1,0] -> [0,1,0,x,x,1,1,x,x,0];
0089 |	[0,x,x,1,x,1,0,0,1,1] -> [0,1,1,x,x,1,1,x,x,0];
0090 |	[0,x,x,1,x,1,0,1,0,0] -> [0,0,0,x,x,1,1,x,x,1];
0091 |	[0,x,x,1,x,1,0,1,0,1] -> [0,0,1,x,x,1,1,x,x,1];
0092 |	[0,x,x,1,x,1,0,1,1,0] -> [0,1,0,x,x,1,1,x,x,1];
0093 |	[0,x,x,1,x,1,0,1,1,1] -> [0,1,1,x,x,1,1,x,x,1];
0094 |	[0,x,x,1,x,1,1,0,0,0] -> [1,0,0,x,x,1,1,x,x,0];
0095 |	[0,x,x,1,x,1,1,0,0,1] -> [1,0,1,x,x,1,1,x,x,0];
0096 |	[0,x,x,1,x,1,1,0,1,0] -> [1,1,0,x,x,1,1,x,x,0];
0097 |	[0,x,x,1,x,1,1,0,1,1] -> [1,1,1,x,x,1,1,x,x,0];
0098 |	[0,x,x,1,x,1,1,1,0,0] -> [1,0,0,x,x,1,1,x,x,1];
0099 |	[0,x,x,1,x,1,1,1,0,1] -> [1,0,1,x,x,1,1,x,x,1];
0100 |	[0,x,x,1,x,1,1,1,1,0] -> [1,1,0,x,x,1,1,x,x,1];
0101 |	[0,x,x,1,x,1,1,1,1,1] -> [1,1,1,x,x,1,1,x,x,1];
0102 |	[1,x,0,0,x,0,0,0,0,0] -> [0,0,0,x,x,1,1,x,x,0];	"RAM onboard
0103 |	[1,0,0,0,x,0,0,0,0,1] -> [0,0,1,1,0,1,1,0,0,0];
0104 |	[1,0,0,0,x,0,0,0,1,0] -> [0,1,0,1,1,1,0,0,0,0];
0105 |	[1,0,0,0,x,0,0,0,1,1] -> [0,1,1,1,0,1,1,0,0,0];
0106 |	[1,0,0,0,x,0,0,1,0,0] -> [0,0,0,1,0,1,1,0,0,0];
0107 |	[1,0,0,0,x,0,0,1,0,1] -> [0,0,1,1,0,1,1,0,0,0];
0108 |	[1,0,0,0,x,0,0,1,1,0] -> [0,1,0,1,0,1,1,0,0,0];
0109 |	[1,0,0,0,x,0,0,1,1,1] -> [0,1,1,1,0,1,1,0,0,0];
0110 |	[1,0,0,0,x,0,1,0,0,0] -> [0,1,0,1,1,1,0,0,0,0];	"ProfDos RAM
0111 |	[1,0,0,0,x,0,1,0,0,1] -> [0,1,0,1,1,1,0,0,0,0];
0112 |	[1,0,0,0,x,0,1,0,1,0] -> [0,1,0,1,1,1,0,0,0,0];
0113 |	[1,0,0,0,x,0,1,0,1,1] -> [0,1,0,1,1,1,0,0,0,0];
0114 |	[1,0,0,0,x,0,1,1,0,0] -> [0,1,0,1,0,0,1,0,0,0];	"DOS-Extension
0115 |	[1,0,0,0,x,0,1,1,0,1] -> [0,1,0,1,0,0,1,0,0,1];
0116 |	[1,0,0,0,x,0,1,1,1,0] -> [0,1,0,1,0,0,1,1,0,0];	"GCR
0117 |	[1,0,0,0,x,0,1,1,1,1] -> [0,1,0,1,0,0,1,1,1,0];
0118 |	[1,0,0,0,x,1,0,0,0,0] -> [1,0,0,1,0,1,1,0,0,0];
0119 |	[1,0,0,0,x,1,0,0,0,1] -> [1,0,1,1,0,1,1,0,0,0];
0120 |	[1,0,0,0,x,1,0,0,1,0] -> [1,1,0,1,0,1,1,0,0,0];
0121 |	[1,0,0,0,x,1,0,0,1,1] -> [1,1,1,1,0,1,1,0,0,0];
0122 |	[1,0,0,0,x,1,0,1,0,0] -> [0,1,0,1,0,1,1,0,0,0];
0123 |	[1,0,0,0,x,1,0,1,0,1] -> [0,0,1,1,0,1,1,0,0,0];
0124 |	[1,0,0,0,x,1,0,1,1,0] -> [0,1,0,1,0,1,1,0,0,0];
0125 |	[1,0,0,0,x,1,0,1,1,1] -> [0,0,1,1,0,1,1,0,0,0];
0126 |	[1,0,0,0,x,1,1,0,0,0] -> [1,0,0,1,0,1,1,0,0,0];	"Low-Rom auf dem Board
0127 |	[1,0,0,0,x,1,1,0,0,1] -> [1,0,1,1,0,1,1,0,0,0];
0128 |	[1,0,0,0,x,1,1,0,1,0] -> [1,1,0,1,0,1,1,0,0,0];
0129 |	[1,0,0,0,x,1,1,0,1,1] -> [1,1,1,1,0,1,1,0,0,0];
0130 |	[1,0,0,0,x,1,1,1,0,0] -> [0,1,0,1,1,0,1,0,0,0];	"High-Rom ProfDos
0131 |	[1,0,0,0,x,1,1,1,0,1] -> [0,1,0,1,1,0,1,0,0,0];
0132 |	[1,0,0,0,x,1,1,1,1,0] -> [0,1,0,1,1,0,1,0,0,0];
0133 |	[1,0,0,0,x,1,1,1,1,1] -> [0,1,0,1,1,0,1,0,0,0];
0134 |	[1,x,0,1,x,0,0,0,0,0] -> [0,0,0,x,x,1,1,x,x,0];	"RAM onboard
0135 |	[1,0,0,1,0,0,0,0,0,1] -> [0,0,1,1,0,1,1,x,x,0];
0136 |	[1,0,0,1,0,0,0,0,1,0] -> [0,1,0,1,0,1,1,x,x,0];
0137 |	[1,0,0,1,0,0,0,0,1,1] -> [0,1,1,1,0,1,1,x,x,0];
0138 |	[1,0,0,1,0,0,0,1,0,0] -> [0,0,0,1,0,1,1,x,x,0];
0139 |	[1,0,0,1,0,0,0,1,0,1] -> [0,0,1,1,0,1,1,x,x,0];
0140 |	[1,0,0,1,0,0,0,1,1,0] -> [0,1,0,1,0,1,1,x,x,0];
0141 |	[1,0,0,1,0,0,0,1,1,1] -> [0,1,1,1,0,1,1,x,x,0];
0142 |	[1,0,0,1,0,0,1,0,0,0] -> [0,0,0,1,0,1,1,x,x,0];
0143 |	[1,0,0,1,0,0,1,0,0,1] -> [0,0,1,1,0,1,1,x,x,0];
0144 |	[1,0,0,1,0,0,1,0,1,0] -> [0,1,0,1,0,1,1,x,x,0];
0145 |	[1,0,0,1,0,0,1,0,1,1] -> [0,1,1,1,0,1,1,x,x,0];
0146 |	[1,0,0,1,0,0,1,1,0,0] -> [0,0,0,1,0,1,1,x,x,0];
0147 |	[1,0,0,1,0,0,1,1,0,1] -> [0,0,1,1,0,1,1,x,x,0];
0148 |	[1,0,0,1,0,0,1,1,1,0] -> [0,1,0,1,0,1,1,x,x,0];
0149 |	[1,0,0,1,0,0,1,1,1,1] -> [0,1,1,1,0,1,1,x,x,0];
0150 |	[1,0,0,1,0,1,0,0,0,0] -> [1,0,0,1,0,1,1,x,x,0];
0151 |	[1,0,0,1,0,1,0,0,0,1] -> [1,0,1,1,0,1,1,x,x,0];
0152 |	[1,0,0,1,0,1,0,0,1,0] -> [1,1,0,1,0,1,1,x,x,0];
0153 |	[1,0,0,1,0,1,0,0,1,1] -> [1,1,1,1,0,1,1,x,x,0];
0154 |	[1,0,0,1,0,1,0,1,0,0] -> [1,0,0,1,0,1,1,x,x,0];
0155 |	[1,0,0,1,0,1,0,1,0,1] -> [1,0,1,1,0,1,1,x,x,0];
0156 |	[1,0,0,1,0,1,0,1,1,0] -> [1,1,0,1,0,1,1,x,x,0];
0157 |	[1,0,0,1,0,1,0,1,1,1] -> [1,1,1,1,0,1,1,x,x,0];
0158 |	[1,0,0,1,0,1,1,0,0,0] -> [1,0,0,x,x,1,1,x,x,0];	"Low-Rom auf dem Board
0159 |	[1,0,0,1,0,1,1,0,0,1] -> [1,0,1,x,x,1,1,x,x,0];
0160 |	[1,0,0,1,0,1,1,0,1,0] -> [1,1,0,x,x,1,1,x,x,0];
0161 |	[1,0,0,1,0,1,1,0,1,1] -> [1,1,1,x,x,1,1,x,x,0];
0162 |	[1,0,0,1,0,1,1,1,0,0] -> [1,0,0,x,x,1,1,x,x,0];	"High-Rom auf dem Board
0163 |	[1,0,0,1,0,1,1,1,0,1] -> [1,0,1,x,x,1,1,x,x,0];
0164 |	[1,0,0,1,0,1,1,1,1,0] -> [1,1,0,x,x,1,1,x,x,0];
0165 |	[1,0,0,1,0,1,1,1,1,1] -> [1,1,1,x,x,1,1,x,x,0];
0166 |	[1,x,0,1,x,0,0,0,0,0] -> [0,0,0,x,x,1,1,x,x,0];	"RAM onboard
0167 |	[1,0,0,1,1,0,0,0,0,1] -> [0,0,1,1,0,1,1,0,0,0];
0168 |	[1,0,0,1,1,0,0,0,1,0] -> [0,1,0,1,0,1,1,0,0,0];
0169 |	[1,0,0,1,1,0,0,0,1,1] -> [0,1,1,1,0,1,1,0,0,0];
0170 |	[1,0,0,1,1,0,0,1,0,0] -> [0,0,0,1,0,1,1,0,0,0];
0171 |	[1,0,0,1,1,0,0,1,0,1] -> [0,0,1,1,0,1,1,0,0,0];
0172 |	[1,0,0,1,1,0,0,1,1,0] -> [0,1,0,1,0,1,1,0,0,0];
0173 |	[1,0,0,1,1,0,0,1,1,1] -> [0,1,1,1,0,1,1,0,0,0];
0174 |	[1,0,0,1,1,0,1,0,0,0] -> [0,0,0,1,0,1,1,0,0,0];
0175 |	[1,0,0,1,1,0,1,0,0,1] -> [0,0,1,1,0,1,1,0,0,0];
0176 |	[1,0,0,1,1,0,1,0,1,0] -> [0,1,0,1,0,1,1,0,0,0];
0177 |	[1,0,0,1,1,0,1,0,1,1] -> [0,1,1,1,0,1,1,0,0,0];
0178 |	[1,0,0,1,1,0,1,1,0,0] -> [0,0,0,1,0,1,1,0,0,0];
0179 |	[1,0,0,1,1,0,1,1,0,1] -> [0,0,1,1,0,1,1,0,0,0];
0180 |	[1,0,0,1,1,0,1,1,1,0] -> [0,1,0,1,0,1,1,1,0,0];
0181 |	[1,0,0,1,1,0,1,1,1,1] -> [0,1,1,1,0,1,1,1,1,0];
0182 |	[1,0,0,1,1,1,0,0,0,0] -> [1,0,0,1,0,1,1,0,0,0];
0183 |	[1,0,0,1,1,1,0,0,0,1] -> [1,0,1,1,0,1,1,0,0,0];
0184 |	[1,0,0,1,1,1,0,0,1,0] -> [1,1,0,1,0,1,1,0,0,0];
0185 |	[1,0,0,1,1,1,0,0,1,1] -> [1,1,1,1,0,1,1,0,0,0];
0186 |	[1,0,0,1,1,1,0,1,0,0] -> [1,0,0,1,0,1,1,0,0,0];
0187 |	[1,0,0,1,1,1,0,1,0,1] -> [1,0,1,1,0,1,1,0,0,0];
0188 |	[1,0,0,1,1,1,0,1,1,0] -> [1,1,0,1,0,1,1,0,0,0];
0189 |	[1,0,0,1,1,1,0,1,1,1] -> [1,1,1,1,0,1,1,0,0,0];
0190 |	[1,0,0,1,1,1,1,0,0,0] -> [1,0,0,x,x,1,1,x,x,0];	"Low-Rom auf dem Board
0191 |	[1,0,0,1,1,1,1,0,0,1] -> [1,0,1,x,x,1,1,x,x,0];
0192 |	[1,0,0,1,1,1,1,0,1,0] -> [1,1,0,x,x,1,1,x,x,0];
0193 |	[1,0,0,1,1,1,1,0,1,1] -> [1,1,1,x,x,1,1,x,x,0];
0194 |	[1,0,0,1,1,1,1,1,0,0] -> [0,1,0,0,1,0,1,0,0,0];	"alternatives High-Rom auf Prof Dos
0195 |	[1,0,0,1,1,1,1,1,0,1] -> [0,1,0,0,1,0,1,0,0,0];
0196 |	[1,0,0,1,1,1,1,1,1,0] -> [0,1,0,0,1,0,1,0,0,0];
0197 |	[1,0,0,1,1,1,1,1,1,1] -> [0,1,0,0,1,0,1,0,0,0];
0198 |	[1,x,1,0,x,0,0,0,0,0] -> [0,1,0,x,1,1,0,0,0,0];	"RAM ProfDOS
0199 |	[1,0,1,0,x,0,0,0,0,1] -> [0,0,1,1,0,1,1,0,0,0];
0200 |	[1,0,1,0,x,0,0,0,1,0] -> [0,1,0,1,1,1,0,0,0,0];
0201 |	[1,0,1,0,x,0,0,0,1,1] -> [0,1,1,1,0,1,1,0,0,0];
0202 |	[1,0,1,0,x,0,0,1,0,0] -> [0,0,0,1,0,1,1,0,0,0];
0203 |	[1,0,1,0,x,0,0,1,0,1] -> [0,0,1,1,0,1,1,0,0,0];
0204 |	[1,0,1,0,x,0,0,1,1,0] -> [0,1,0,1,0,1,1,0,0,0];
0205 |	[1,0,1,0,x,0,0,1,1,1] -> [0,1,1,1,0,1,1,0,0,0];
0206 |	[1,0,1,0,x,0,1,0,0,0] -> [0,1,0,1,1,1,1,0,0,0];
0207 |	[1,0,1,0,x,0,1,0,0,1] -> [0,1,0,1,1,1,0,0,0,0];
0208 |	[1,0,1,0,x,0,1,0,1,0] -> [0,1,0,1,1,1,0,0,0,0];
0209 |	[1,0,1,0,x,0,1,0,1,1] -> [0,1,0,1,1,1,0,0,0,0];
0210 |	[1,0,1,0,x,0,1,1,0,0] -> [0,1,0,1,0,0,1,0,0,0];
0211 |	[1,0,1,0,x,0,1,1,0,1] -> [0,1,0,1,0,0,1,0,0,1];
0212 |	[1,0,1,0,x,0,1,1,1,0] -> [0,1,0,1,0,0,1,1,0,0];
0213 |	[1,0,1,0,x,0,1,1,1,1] -> [0,1,0,1,0,0,1,1,1,0];
0214 |	[1,0,1,0,x,1,0,0,0,0] -> [1,0,0,1,0,1,1,0,0,0];
0215 |	[1,0,1,0,x,1,0,0,0,1] -> [1,0,1,1,0,1,1,0,0,0];
0216 |	[1,0,1,0,x,1,0,0,1,0] -> [1,1,0,1,0,1,1,0,0,0];
0217 |	[1,0,1,0,x,1,0,0,1,1] -> [1,1,1,1,0,1,1,0,0,0];
0218 |	[1,0,1,0,x,1,0,1,0,0] -> [0,1,0,1,0,1,1,0,0,0];
0219 |	[1,0,1,0,x,1,0,1,0,1] -> [0,0,1,1,0,1,1,0,0,0];
0220 |	[1,0,1,0,x,1,0,1,1,0] -> [0,1,0,1,0,1,1,0,0,0];
0221 |	[1,0,1,0,x,1,0,1,1,1] -> [0,0,1,1,0,1,1,0,0,0];
0222 |	[1,0,1,0,x,1,1,0,0,0] -> [1,0,0,1,0,1,1,0,0,0];	"Low-Rom auf dem Board
0223 |	[1,0,1,0,x,1,1,0,0,1] -> [1,0,1,1,0,1,1,0,0,0];
0224 |	[1,0,1,0,x,1,1,0,1,0] -> [1,1,0,1,0,1,1,0,0,0];
0225 |	[1,0,1,0,x,1,1,0,1,1] -> [1,1,1,1,0,1,1,0,0,0];
0226 |	[1,0,1,0,x,1,1,1,0,0] -> [0,1,0,1,1,0,1,0,0,0];	"High-Rom ProfDos
0227 |	[1,0,1,0,x,1,1,1,0,1] -> [0,1,0,1,1,0,1,0,0,0];
0228 |	[1,0,1,0,x,1,1,1,1,0] -> [0,1,0,1,1,0,1,0,0,0];
0229 |	[1,0,1,0,x,1,1,1,1,1] -> [0,1,0,1,1,0,1,0,0,0];
0230 |	[1,x,1,1,x,0,0,0,0,0] -> [0,1,0,x,1,1,0,0,0,0];	"RAM ProfDOS
0231 |	[1,0,1,1,0,0,0,0,0,1] -> [0,0,1,1,0,1,1,x,x,0];
0232 |	[1,0,1,1,0,0,0,0,1,0] -> [0,1,0,1,0,1,1,x,x,0];
0233 |	[1,0,1,1,0,0,0,0,1,1] -> [0,1,1,1,0,1,1,x,x,0];
0234 |	[1,0,1,1,0,0,0,1,0,0] -> [0,0,0,1,0,1,1,x,x,0];
0235 |	[1,0,1,1,0,0,0,1,0,1] -> [0,0,1,1,0,1,1,x,x,0];
0236 |	[1,0,1,1,0,0,0,1,1,0] -> [0,1,0,1,0,1,1,x,x,0];
0237 |	[1,0,1,1,0,0,0,1,1,1] -> [0,1,1,1,0,1,1,x,x,0];
0238 |	[1,0,1,1,0,0,1,0,0,0] -> [0,0,0,1,0,1,1,x,x,0];
0239 |	[1,0,1,1,0,0,1,0,0,1] -> [0,0,1,1,0,1,1,x,x,0];
0240 |	[1,0,1,1,0,0,1,0,1,0] -> [0,1,0,1,0,1,1,x,x,0];
0241 |	[1,0,1,1,0,0,1,0,1,1] -> [0,1,1,1,0,1,1,x,x,0];
0242 |	[1,0,1,1,0,0,1,1,0,0] -> [0,0,0,1,0,1,1,x,x,0];
0243 |	[1,0,1,1,0,0,1,1,0,1] -> [0,0,1,1,0,1,1,x,x,0];
0244 |	[1,0,1,1,0,0,1,1,1,0] -> [0,1,0,1,0,1,1,x,x,0];
0245 |	[1,0,1,1,0,0,1,1,1,1] -> [0,1,1,1,0,1,1,x,x,0];
0246 |	[1,0,1,1,0,1,0,0,0,0] -> [1,0,0,1,0,1,1,x,x,0];
0247 |	[1,0,1,1,0,1,0,0,0,1] -> [1,0,1,1,0,1,1,x,x,0];
0248 |	[1,0,1,1,0,1,0,0,1,0] -> [1,1,0,1,0,1,1,x,x,0];
0249 |	[1,0,1,1,0,1,0,0,1,1] -> [1,1,1,1,0,1,1,x,x,0];
0250 |	[1,0,1,1,0,1,0,1,0,0] -> [1,0,0,1,0,1,1,x,x,0];
0251 |	[1,0,1,1,0,1,0,1,0,1] -> [1,0,1,1,0,1,1,x,x,0];
0252 |	[1,0,1,1,0,1,0,1,1,0] -> [1,1,0,1,0,1,1,x,x,0];
0253 |	[1,0,1,1,0,1,0,1,1,1] -> [1,1,1,1,0,1,1,x,x,0];
0254 |	[1,0,1,1,0,1,1,0,0,0] -> [1,0,0,x,x,1,1,x,x,0];	"Low-Rom auf dem Board
0255 |	[1,0,1,1,0,1,1,0,0,1] -> [1,0,1,x,x,1,1,x,x,0];
0256 |	[1,0,1,1,0,1,1,0,1,0] -> [1,1,0,x,x,1,1,x,x,0];
0257 |	[1,0,1,1,0,1,1,0,1,1] -> [1,1,1,x,x,1,1,x,x,0];
0258 |	[1,0,1,1,0,1,1,1,0,0] -> [1,0,0,x,x,1,1,x,x,0];	"High-Rom auf dem Board
0259 |	[1,0,1,1,0,1,1,1,0,1] -> [1,0,1,x,x,1,1,x,x,0];
0260 |	[1,0,1,1,0,1,1,1,1,0] -> [1,1,0,x,x,1,1,x,x,0];
0261 |	[1,0,1,1,0,1,1,1,1,1] -> [1,1,1,x,x,1,1,x,x,0];
0262 |	[1,x,1,1,x,0,0,0,0,0] -> [0,1,0,x,1,1,0,0,0,0];	"RAM ProfDOS
0263 |	[1,0,1,1,1,0,0,0,0,1] -> [0,0,1,1,0,1,1,0,0,0];
0264 |	[1,0,1,1,1,0,0,0,1,0] -> [0,1,0,1,0,1,1,0,0,0];
0265 |	[1,0,1,1,1,0,0,0,1,1] -> [0,1,1,1,0,1,1,0,0,0];
0266 |	[1,0,1,1,1,0,0,1,0,0] -> [0,0,0,1,0,1,1,0,0,0];
0267 |	[1,0,1,1,1,0,0,1,0,1] -> [0,0,1,1,0,1,1,0,0,0];
0268 |	[1,0,1,1,1,0,0,1,1,0] -> [0,1,0,1,0,1,1,0,0,0];
0269 |	[1,0,1,1,1,0,0,1,1,1] -> [0,1,1,1,0,1,1,0,0,0];
0270 |	[1,0,1,1,1,0,1,0,0,0] -> [0,0,0,1,0,1,1,0,0,0];
0271 |	[1,0,1,1,1,0,1,0,0,1] -> [0,0,1,1,0,1,1,0,0,0];
0272 |	[1,0,1,1,1,0,1,0,1,0] -> [0,1,0,1,0,1,1,0,0,0];
0273 |	[1,0,1,1,1,0,1,0,1,1] -> [0,1,1,1,0,1,1,0,0,0];
0274 |	[1,0,1,1,1,0,1,1,0,0] -> [0,0,0,1,0,1,1,0,0,0];
0275 |	[1,0,1,1,1,0,1,1,0,1] -> [0,0,1,1,0,1,1,0,0,0];
0276 |	[1,0,1,1,1,0,1,1,1,0] -> [0,1,0,1,0,1,1,1,0,0];
0277 |	[1,0,1,1,1,0,1,1,1,1] -> [0,1,1,1,0,1,1,1,1,0];
0278 |	[1,0,1,1,1,1,0,0,0,0] -> [1,0,0,1,0,1,1,0,0,0];
0279 |	[1,0,1,1,1,1,0,0,0,1] -> [1,0,1,1,0,1,1,0,0,0];
0280 |	[1,0,1,1,1,1,0,0,1,0] -> [1,1,0,1,0,1,1,0,0,0];
0281 |	[1,0,1,1,1,1,0,0,1,1] -> [1,1,1,1,0,1,1,0,0,0];
0282 |	[1,0,1,1,1,1,0,1,0,0] -> [1,0,0,1,0,1,1,0,0,0];
0283 |	[1,0,1,1,1,1,0,1,0,1] -> [1,0,1,1,0,1,1,0,0,0];
0284 |	[1,0,1,1,1,1,0,1,1,0] -> [1,1,0,1,0,1,1,0,0,0];
0285 |	[1,0,1,1,1,1,0,1,1,1] -> [1,1,1,1,0,1,1,0,0,0];
0286 |	[1,0,1,1,1,1,1,0,0,0] -> [1,0,0,x,x,1,1,x,x,0];	"Low-Rom auf dem Board
0287 |	[1,0,1,1,1,1,1,0,0,1] -> [1,0,1,x,x,1,1,x,x,0];
0288 |	[1,0,1,1,1,1,1,0,1,0] -> [1,1,0,x,x,1,1,x,x,0];
0289 |	[1,0,1,1,1,1,1,0,1,1] -> [1,1,1,x,x,1,1,x,x,0];
0290 |	[1,0,1,1,1,1,1,1,0,0] -> [0,1,0,0,1,0,1,0,0,0];	"alternatives High-Rom auf Prof Dos
0291 |	[1,0,1,1,1,1,1,1,0,1] -> [0,1,0,0,1,0,1,0,0,0];
0292 |	[1,0,1,1,1,1,1,1,1,0] -> [0,1,0,0,1,0,1,0,0,0];
0293 |	[1,0,1,1,1,1,1,1,1,1] -> [0,1,0,0,1,0,1,0,0,0];
0294 |	[1,x,0,0,x,0,0,0,0,0] -> [0,0,0,x,x,1,1,x,x,0];	"RAM onboard
0295 |	[1,1,0,0,x,0,0,0,0,1] -> [0,0,1,1,0,1,1,0,0,0];
0296 |	[1,1,0,0,x,0,0,0,1,0] -> [0,1,0,1,1,1,0,0,0,0];
0297 |	[1,1,0,0,x,0,0,0,1,1] -> [0,1,1,1,0,1,1,0,0,0];
0298 |	[1,1,0,0,x,0,0,1,0,0] -> [0,0,0,1,0,1,1,0,0,0];
0299 |	[1,1,0,0,x,0,0,1,0,1] -> [0,0,1,1,0,1,1,0,0,0];
0300 |	[1,1,0,0,x,0,0,1,1,0] -> [0,1,0,1,0,1,1,0,0,0];
0301 |	[1,1,0,0,x,0,0,1,1,1] -> [0,1,1,1,0,1,1,0,0,0];
0302 |	[1,1,0,0,x,0,1,0,0,0] -> [0,1,0,1,1,1,0,0,0,0];
0303 |	[1,1,0,0,x,0,1,0,0,1] -> [0,1,0,1,1,1,0,0,0,0];
0304 |	[1,1,0,0,x,0,1,0,1,0] -> [0,1,0,1,1,1,0,0,0,0];
0305 |	[1,1,0,0,x,0,1,0,1,1] -> [0,1,0,1,1,1,0,0,0,0];
0306 |	[1,1,0,0,x,0,1,1,0,0] -> [0,1,0,1,0,0,1,0,0,0];
0307 |	[1,1,0,0,x,0,1,1,0,1] -> [0,1,0,1,0,0,1,0,0,1];
0308 |	[1,1,0,0,x,0,1,1,1,0] -> [0,1,0,1,0,0,1,1,0,0];
0309 |	[1,1,0,0,x,0,1,1,1,1] -> [0,1,0,1,0,0,1,1,1,0];
0310 |	[1,1,0,0,x,1,0,0,0,0] -> [1,0,0,1,0,1,1,0,0,0];
0311 |	[1,1,0,0,x,1,0,0,0,1] -> [1,0,1,1,0,1,1,0,0,0];
0312 |	[1,1,0,0,x,1,0,0,1,0] -> [1,1,0,1,0,1,1,0,0,0];
0313 |	[1,1,0,0,x,1,0,0,1,1] -> [1,1,1,1,0,1,1,0,0,0];
0314 |	[1,1,0,0,x,1,0,1,0,0] -> [0,1,0,1,0,1,1,0,0,0];
0315 |	[1,1,0,0,x,1,0,1,0,1] -> [0,0,1,1,0,1,1,0,0,0];
0316 |	[1,1,0,0,x,1,0,1,1,0] -> [0,1,0,1,0,1,1,0,0,0];
0317 |	[1,1,0,0,x,1,0,1,1,1] -> [0,0,1,1,0,1,1,0,0,0];
0318 |	[1,1,0,0,x,1,1,0,0,0] -> [0,1,0,0,0,0,1,0,0,0];	"alternatives Low ROM auf ProfDOS
0319 |	[1,1,0,0,x,1,1,0,0,1] -> [0,1,0,0,0,0,1,0,0,0];
0320 |	[1,1,0,0,x,1,1,0,1,0] -> [0,1,0,0,0,0,1,0,0,0];
0321 |	[1,1,0,0,x,1,1,0,1,1] -> [0,1,0,0,0,0,1,0,0,0];
0322 |	[1,1,0,0,x,1,1,1,0,0] -> [0,1,0,1,1,0,1,0,0,0];	"High-Rom ProfDos
0323 |	[1,1,0,0,x,1,1,1,0,1] -> [0,1,0,1,1,0,1,0,0,0];
0324 |	[1,1,0,0,x,1,1,1,1,0] -> [0,1,0,1,1,0,1,0,0,0];
0325 |	[1,1,0,0,x,1,1,1,1,1] -> [0,1,0,1,1,0,1,0,0,0];
0326 |	[1,x,0,1,x,0,0,0,0,0] -> [0,0,0,x,x,1,1,x,x,0];	"RAM onboard
0327 |	[1,1,0,1,0,0,0,0,0,1] -> [0,0,1,1,0,1,1,x,x,0];
0328 |	[1,1,0,1,0,0,0,0,1,0] -> [0,1,0,1,0,1,1,x,x,0];
0329 |	[1,1,0,1,0,0,0,0,1,1] -> [0,1,1,1,0,1,1,x,x,0];
0330 |	[1,1,0,1,0,0,0,1,0,0] -> [0,0,0,1,0,1,1,x,x,0];
0331 |	[1,1,0,1,0,0,0,1,0,1] -> [0,0,1,1,0,1,1,x,x,0];
0332 |	[1,1,0,1,0,0,0,1,1,0] -> [0,1,0,1,0,1,1,x,x,0];
0333 |	[1,1,0,1,0,0,0,1,1,1] -> [0,1,1,1,0,1,1,x,x,0];
0334 |	[1,1,0,1,0,0,1,0,0,0] -> [0,0,0,1,0,1,1,x,x,0];
0335 |	[1,1,0,1,0,0,1,0,0,1] -> [0,0,1,1,0,1,1,x,x,0];
0336 |	[1,1,0,1,0,0,1,0,1,0] -> [0,1,0,1,0,1,1,x,x,0];
0337 |	[1,1,0,1,0,0,1,0,1,1] -> [0,1,1,1,0,1,1,x,x,0];
0338 |	[1,1,0,1,0,0,1,1,0,0] -> [0,0,0,1,0,1,1,x,x,0];
0339 |	[1,1,0,1,0,0,1,1,0,1] -> [0,0,1,1,0,1,1,x,x,0];
0340 |	[1,1,0,1,0,0,1,1,1,0] -> [0,1,0,1,0,1,1,x,x,0];
0341 |	[1,1,0,1,0,0,1,1,1,1] -> [0,1,1,1,0,1,1,x,x,0];
0342 |	[1,1,0,1,0,1,0,0,0,0] -> [1,0,0,1,0,1,1,x,x,0];
0343 |	[1,1,0,1,0,1,0,0,0,1] -> [1,0,1,1,0,1,1,x,x,0];
0344 |	[1,1,0,1,0,1,0,0,1,0] -> [1,1,0,1,0,1,1,x,x,0];
0345 |	[1,1,0,1,0,1,0,0,1,1] -> [1,1,1,1,0,1,1,x,x,0];
0346 |	[1,1,0,1,0,1,0,1,0,0] -> [1,0,0,1,0,1,1,x,x,0];
0347 |	[1,1,0,1,0,1,0,1,0,1] -> [1,0,1,1,0,1,1,x,x,0];
0348 |	[1,1,0,1,0,1,0,1,1,0] -> [1,1,0,1,0,1,1,x,x,0];
0349 |	[1,1,0,1,0,1,0,1,1,1] -> [1,1,1,1,0,1,1,x,x,0];
0350 |	[1,1,0,1,0,1,1,0,0,0] -> [0,1,0,0,0,0,1,0,0,0];	"alternatives Low ROM auf ProfDOS
0351 |	[1,1,0,1,0,1,1,0,0,1] -> [0,1,0,0,0,0,1,0,0,0];
0352 |	[1,1,0,1,0,1,1,0,1,0] -> [0,1,0,0,0,0,1,0,0,0];
0353 |	[1,1,0,1,0,1,1,0,1,1] -> [0,1,0,0,0,0,1,0,0,0];
0354 |	[1,1,0,1,0,1,1,1,0,0] -> [1,0,0,x,x,1,1,x,x,0];	"High-Rom auf dem Board
0355 |	[1,1,0,1,0,1,1,1,0,1] -> [1,0,1,x,x,1,1,x,x,0];
0356 |	[1,1,0,1,0,1,1,1,1,0] -> [1,1,0,x,x,1,1,x,x,0];
0357 |	[1,1,0,1,0,1,1,1,1,1] -> [1,1,1,x,x,1,1,x,x,0];
0358 |	[1,x,0,1,x,0,0,0,0,0] -> [0,0,0,x,x,1,1,x,x,0];	"RAM onboard
0359 |	[1,1,0,1,1,0,0,0,0,1] -> [0,0,1,x,x,1,1,0,0,0];
0360 |	[1,1,0,1,1,0,0,0,1,0] -> [0,1,0,x,x,1,1,0,0,0];
0361 |	[1,1,0,1,1,0,0,0,1,1] -> [0,1,1,x,x,1,1,0,0,0];
0362 |	[1,1,0,1,1,0,0,1,0,0] -> [0,0,0,1,0,1,1,0,0,0];
0363 |	[1,1,0,1,1,0,0,1,0,1] -> [0,0,1,1,0,1,1,0,0,0];
0364 |	[1,1,0,1,1,0,0,1,1,0] -> [0,1,0,1,0,1,1,0,0,0];
0365 |	[1,1,0,1,1,0,0,1,1,1] -> [0,1,1,1,0,1,1,0,0,0];
0366 |	[1,1,0,1,1,0,1,0,0,0] -> [0,0,0,1,0,1,1,0,0,0];
0367 |	[1,1,0,1,1,0,1,0,0,1] -> [0,0,1,1,0,1,1,0,0,0];
0368 |	[1,1,0,1,1,0,1,0,1,0] -> [0,1,0,1,0,1,1,0,0,0];
0369 |	[1,1,0,1,1,0,1,0,1,1] -> [0,1,1,1,0,1,1,0,0,0];
0370 |	[1,1,0,1,1,0,1,1,0,0] -> [0,0,0,1,0,1,1,0,0,0];
0371 |	[1,1,0,1,1,0,1,1,0,1] -> [0,0,1,1,0,1,1,0,0,0];
0372 |	[1,1,0,1,1,0,1,1,1,0] -> [0,1,0,1,0,1,1,1,0,0];
0373 |	[1,1,0,1,1,0,1,1,1,1] -> [0,1,1,1,0,1,1,1,1,0];
0374 |	[1,1,0,1,1,1,0,0,0,0] -> [1,0,0,1,0,1,1,0,0,0];
0375 |	[1,1,0,1,1,1,0,0,0,1] -> [1,0,1,1,0,1,1,0,0,0];
0376 |	[1,1,0,1,1,1,0,0,1,0] -> [1,1,0,1,0,1,1,0,0,0];
0377 |	[1,1,0,1,1,1,0,0,1,1] -> [1,1,1,1,0,1,1,0,0,0];
0378 |	[1,1,0,1,1,1,0,1,0,0] -> [1,0,0,1,0,1,1,0,0,0];
0379 |	[1,1,0,1,1,1,0,1,0,1] -> [1,0,1,1,0,1,1,0,0,0];
0380 |	[1,1,0,1,1,1,0,1,1,0] -> [1,1,0,1,0,1,1,0,0,0];
0381 |	[1,1,0,1,1,1,0,1,1,1] -> [1,1,1,1,0,1,1,0,0,0];
0382 |	[1,1,0,1,1,1,1,0,0,0] -> [0,1,0,0,0,0,1,0,0,0];	"alternatives Low ROM auf ProfDOS
0383 |	[1,1,0,1,1,1,1,0,0,1] -> [0,1,0,0,0,0,1,0,0,0];
0384 |	[1,1,0,1,1,1,1,0,1,0] -> [0,1,0,0,0,0,1,0,0,0];
0385 |	[1,1,0,1,1,1,1,0,1,1] -> [0,1,0,0,0,0,1,0,0,0];
0386 |	[1,1,0,1,1,1,1,1,0,0] -> [0,1,0,0,1,0,1,0,0,0];	"alternatives High-Rom auf Prof Dos
0387 |	[1,1,0,1,1,1,1,1,0,1] -> [0,1,0,0,1,0,1,0,0,0];
0388 |	[1,1,0,1,1,1,1,1,1,0] -> [0,1,0,0,1,0,1,0,0,0];
0389 |	[1,1,0,1,1,1,1,1,1,1] -> [0,1,0,0,1,0,1,0,0,0];
0390 |	[1,x,1,0,x,0,0,0,0,0] -> [0,1,0,x,1,1,0,0,0,0];	"RAM ProfDOS
0391 |	[1,1,1,0,x,0,0,0,0,1] -> [0,0,1,1,0,1,1,0,0,0];
0392 |	[1,1,1,0,x,0,0,0,1,0] -> [0,1,0,1,1,1,0,0,0,0];
0393 |	[1,1,1,0,x,0,0,0,1,1] -> [0,1,1,1,0,1,1,0,0,0];
0394 |	[1,1,1,0,x,0,0,1,0,0] -> [0,0,0,1,0,1,1,0,0,0];
0395 |	[1,1,1,0,x,0,0,1,0,1] -> [0,0,1,1,0,1,1,0,0,0];
0396 |	[1,1,1,0,x,0,0,1,1,0] -> [0,1,0,1,0,1,1,0,0,0];
0397 |	[1,1,1,0,x,0,0,1,1,1] -> [0,1,1,1,0,1,1,0,0,0];
0398 |	[1,1,1,0,x,0,1,0,0,0] -> [0,1,0,1,1,1,1,0,0,0];
0399 |	[1,1,1,0,x,0,1,0,0,1] -> [0,1,0,1,1,1,0,0,0,0];
0400 |	[1,1,1,0,x,0,1,0,1,0] -> [0,1,0,1,1,1,0,0,0,0];
0401 |	[1,1,1,0,x,0,1,0,1,1] -> [0,1,0,1,1,1,0,0,0,0];
0402 |	[1,1,1,0,x,0,1,1,0,0] -> [0,1,0,1,0,0,1,0,0,0];
0403 |	[1,1,1,0,x,0,1,1,0,1] -> [0,1,0,1,0,0,1,0,0,1];
0404 |	[1,1,1,0,x,0,1,1,1,0] -> [0,1,0,1,0,0,1,1,0,0];
0405 |	[1,1,1,0,x,0,1,1,1,1] -> [0,1,0,1,0,0,1,1,1,0];
0406 |	[1,1,1,0,x,1,0,0,0,0] -> [1,0,0,1,0,1,1,0,0,0];
0407 |	[1,1,1,0,x,1,0,0,0,1] -> [1,0,1,1,0,1,1,0,0,0];
0408 |	[1,1,1,0,x,1,0,0,1,0] -> [1,1,0,1,0,1,1,0,0,0];
0409 |	[1,1,1,0,x,1,0,0,1,1] -> [1,1,1,1,0,1,1,0,0,0];
0410 |	[1,1,1,0,x,1,0,1,0,0] -> [0,1,0,1,0,1,1,0,0,0];
0411 |	[1,1,1,0,x,1,0,1,0,1] -> [0,0,1,1,0,1,1,0,0,0];
0412 |	[1,1,1,0,x,1,0,1,1,0] -> [0,1,0,1,0,1,1,0,0,0];
0413 |	[1,1,1,0,x,1,0,1,1,1] -> [0,0,1,1,0,1,1,0,0,0];
0414 |	[1,1,1,0,x,1,1,0,0,0] -> [0,1,0,0,0,0,1,0,0,0];	"alternatives Low ROM auf ProfDOS
0415 |	[1,1,1,0,x,1,1,0,0,1] -> [0,1,0,0,0,0,1,0,0,0];
0416 |	[1,1,1,0,x,1,1,0,1,0] -> [0,1,0,0,0,0,1,0,0,0];
0417 |	[1,1,1,0,x,1,1,0,1,1] -> [0,1,0,0,0,0,1,0,0,0];
0418 |	[1,1,1,0,x,1,1,1,0,0] -> [0,1,0,1,1,0,1,0,0,0];	"High-Rom ProfDos
0419 |	[1,1,1,0,x,1,1,1,0,1] -> [0,1,0,1,1,0,1,0,0,0];
0420 |	[1,1,1,0,x,1,1,1,1,0] -> [0,1,0,1,1,0,1,0,0,0];
0421 |	[1,1,1,0,x,1,1,1,1,1] -> [0,1,0,1,1,0,1,0,0,0];
0422 |	[1,x,1,1,x,0,0,0,0,0] -> [0,1,0,x,1,1,0,0,0,0];	"RAM ProfDOS
0423 |	[1,1,1,1,0,0,0,0,0,1] -> [0,0,1,1,0,1,1,x,x,0];
0424 |	[1,1,1,1,0,0,0,0,1,0] -> [0,1,0,1,0,1,1,x,x,0];
0425 |	[1,1,1,1,0,0,0,0,1,1] -> [0,1,1,1,0,1,1,x,x,0];
0426 |	[1,1,1,1,0,0,0,1,0,0] -> [0,0,0,1,0,1,1,x,x,0];
0427 |	[1,1,1,1,0,0,0,1,0,1] -> [0,0,1,1,0,1,1,x,x,0];
0428 |	[1,1,1,1,0,0,0,1,1,0] -> [0,1,0,1,0,1,1,x,x,0];
0429 |	[1,1,1,1,0,0,0,1,1,1] -> [0,1,1,1,0,1,1,x,x,0];
0430 |	[1,1,1,1,0,0,1,0,0,0] -> [0,0,0,1,0,1,1,x,x,0];
0431 |	[1,1,1,1,0,0,1,0,0,1] -> [0,0,1,1,0,1,1,x,x,0];
0432 |	[1,1,1,1,0,0,1,0,1,0] -> [0,1,0,1,0,1,1,x,x,0];
0433 |	[1,1,1,1,0,0,1,0,1,1] -> [0,1,1,1,0,1,1,x,x,0];
0434 |	[1,1,1,1,0,0,1,1,0,0] -> [0,0,0,1,0,1,1,x,x,0];
0435 |	[1,1,1,1,0,0,1,1,0,1] -> [0,0,1,1,0,1,1,x,x,0];
0436 |	[1,1,1,1,0,0,1,1,1,0] -> [0,1,0,1,0,1,1,x,x,0];
0437 |	[1,1,1,1,0,0,1,1,1,1] -> [0,1,1,1,0,1,1,x,x,0];
0438 |	[1,1,1,1,0,1,0,0,0,0] -> [1,0,0,1,0,1,1,x,x,0];
0439 |	[1,1,1,1,0,1,0,0,0,1] -> [1,0,1,1,0,1,1,x,x,0];
0440 |	[1,1,1,1,0,1,0,0,1,0] -> [1,1,0,1,0,1,1,x,x,0];
0441 |	[1,1,1,1,0,1,0,0,1,1] -> [1,1,1,1,0,1,1,x,x,0];
0442 |	[1,1,1,1,0,1,0,1,0,0] -> [1,0,0,1,0,1,1,x,x,0];
0443 |	[1,1,1,1,0,1,0,1,0,1] -> [1,0,1,1,0,1,1,x,x,0];
0444 |	[1,1,1,1,0,1,0,1,1,0] -> [1,1,0,1,0,1,1,x,x,0];
0445 |	[1,1,1,1,0,1,0,1,1,1] -> [1,1,1,1,0,1,1,x,x,0];
0446 |	[1,1,1,1,0,1,1,0,0,0] -> [0,1,0,0,0,0,1,0,0,0];	"alternatives Low ROM auf ProfDOS
0447 |	[1,1,1,1,0,1,1,0,0,1] -> [0,1,0,0,0,0,1,0,0,0];
0448 |	[1,1,1,1,0,1,1,0,1,0] -> [0,1,0,0,0,0,1,0,0,0];
0449 |	[1,1,1,1,0,1,1,0,1,1] -> [0,1,0,0,0,0,1,0,0,0];
0450 |	[1,1,1,1,0,1,1,1,0,0] -> [1,0,0,x,x,1,1,x,x,0];	"High-Rom auf dem Board
0451 |	[1,1,1,1,0,1,1,1,0,1] -> [1,0,1,x,x,1,1,x,x,0];
0452 |	[1,1,1,1,0,1,1,1,1,0] -> [1,1,0,x,x,1,1,x,x,0];
0453 |	[1,1,1,1,0,1,1,1,1,1] -> [1,1,1,x,x,1,1,x,x,0];
0454 |	[1,x,1,1,x,0,0,0,0,0] -> [0,1,0,x,1,1,0,0,0,0];	"RAM ProfDOS
0455 |	[1,1,1,1,1,0,0,0,0,1] -> [0,0,1,1,0,1,1,0,0,0];
0456 |	[1,1,1,1,1,0,0,0,1,0] -> [0,1,0,1,0,1,1,0,0,0];
0457 |	[1,1,1,1,1,0,0,0,1,1] -> [0,1,1,1,0,1,1,0,0,0];
0458 |	[1,1,1,1,1,0,0,1,0,0] -> [0,0,0,1,0,1,1,0,0,0];
0459 |	[1,1,1,1,1,0,0,1,0,1] -> [0,0,1,1,0,1,1,0,0,0];
0460 |	[1,1,1,1,1,0,0,1,1,0] -> [0,1,0,1,0,1,1,0,0,0];
0461 |	[1,1,1,1,1,0,0,1,1,1] -> [0,1,1,1,0,1,1,0,0,0];
0462 |	[1,1,1,1,1,0,1,0,0,0] -> [0,0,0,1,0,1,1,0,0,0];
0463 |	[1,1,1,1,1,0,1,0,0,1] -> [0,0,1,1,0,1,1,0,0,0];
0464 |	[1,1,1,1,1,0,1,0,1,0] -> [0,1,0,1,0,1,1,0,0,0];
0465 |	[1,1,1,1,1,0,1,0,1,1] -> [0,1,1,1,0,1,1,0,0,0];
0466 |	[1,1,1,1,1,0,1,1,0,0] -> [0,0,0,1,0,1,1,0,0,0];
0467 |	[1,1,1,1,1,0,1,1,0,1] -> [0,0,1,1,0,1,1,0,0,0];
0468 |	[1,1,1,1,1,0,1,1,1,0] -> [0,1,0,1,0,1,1,1,0,0];
0469 |	[1,1,1,1,1,0,1,1,1,1] -> [0,1,1,1,0,1,1,1,1,0];
0470 |	[1,1,1,1,1,1,0,0,0,0] -> [1,0,0,1,0,1,1,0,0,0];
0471 |	[1,1,1,1,1,1,0,0,0,1] -> [1,0,1,1,0,1,1,0,0,0];
0472 |	[1,1,1,1,1,1,0,0,1,0] -> [1,1,0,1,0,1,1,0,0,0];
0473 |	[1,1,1,1,1,1,0,0,1,1] -> [1,1,1,1,0,1,1,0,0,0];
0474 |	[1,1,1,1,1,1,0,1,0,0] -> [1,0,0,1,0,1,1,0,0,0];
0475 |	[1,1,1,1,1,1,0,1,0,1] -> [1,0,1,1,0,1,1,0,0,0];
0476 |	[1,1,1,1,1,1,0,1,1,0] -> [1,1,0,1,0,1,1,0,0,0];
0477 |	[1,1,1,1,1,1,0,1,1,1] -> [1,1,1,1,0,1,1,0,0,0];
0478 |	[1,1,1,1,1,1,1,0,0,0] -> [0,1,0,0,0,0,1,0,0,0];	"alternatives Low ROM auf ProfDOS
0479 |	[1,1,1,1,1,1,1,0,0,1] -> [0,1,0,0,0,0,1,0,0,0];
0480 |	[1,1,1,1,1,1,1,0,1,0] -> [0,1,0,0,0,0,1,0,0,0];
0481 |	[1,1,1,1,1,1,1,0,1,1] -> [0,1,0,0,0,0,1,0,0,0];
0482 |	[1,1,1,1,1,1,1,1,0,0] -> [0,1,0,0,1,0,1,0,0,0];	"alternatives High-Rom auf Prof Dos
0483 |	[1,1,1,1,1,1,1,1,0,1] -> [0,1,0,0,1,0,1,0,0,0];
0484 |	[1,1,1,1,1,1,1,1,1,0] -> [0,1,0,0,1,0,1,0,0,0];
0485 |	[1,1,1,1,1,1,1,1,1,1] -> [0,1,0,0,1,0,1,0,0,0];
0486 |
0487 |
0488 |END 
0489 |
