0002 |
0003 |Declarations
0004 |
0005 |"O0	Fetch 2MHz mode (A13 bei 1571)
0006 |"O1	Eprom A13
0007 |"O2	RAM-/CS1, enabling line to IC9
0008 |"O3	Select-A[0..3|4..7]->AL, (enabling line to IC4)
0009 |"O4	ROM-/CE, enabling line to IC8
0010 |"O5	A15 - Ext (A14-ext bei1571)
0011 |"O6	/EN-A[4..7]->AH, enabling line to IC5, pin 1
0012 |"O7	Eprom A14
0013 |"O8	A12 -Ext
0014 |"O9	A11 - Ext
0015 |
0016 |"Belegung für V.04 Platine
0017 |
0018 |"A11,A15,A14,A13,A12,off,ram,low,high,C1571	pin 8,7,6,5,4,1,9,10,11,13;
0019 |"O0,O1,O2,O3,O4,O5,O6,O7,O8,O9			pin 15,18,20,17,19,14,22,21,16,23 istype 'com';
0020 |
0021 |
0022 |"Belegung für Prototyp Platine
0023 |
0024 |"A11,A15,A14,A13,A12,off,high,ram,low,C1571	pin 7..1,10,9,11;
0025 |"O0,O1,O2,O3,O4,O5,O6,O7,O8,O9			pin 14..23 istype 'com';
0026 |
0027 |
0028 |"Belegung für Prototyp V1,1 Platine
0029 |
0030 |off,ram,low,!high,C1571,A11,A15,A14,A13,A12	pin 13,11..3;
0031 |O0,O1,O2,O3,O4,O5,O6,O7,O8,O9			pin 14,15,16,17,18,22,20,21,19,23 istype 'com';
0032 |
0033 |
0034 |
0035 |
0036 |x = .X.; "simplify notation for don't care constant 
0037 |
0038 |truth_table([C1571,low,ram,off,high,A15,A14,A13,A12,A11]->[O5,O8,O9,O7,O1,O4,O2,O6,O3,O0]);
0039 |	[0,x,x,0,0,0,0,0,0,0]->[0,0,0,x,x,1,1,0,0,0];"ProfDos 1571 ein und HiROM auf Board
0040 |	[0,x,x,0,0,0,0,0,0,1]->[0,0,1,x,x,1,1,0,0,0];
0041 |	[0,x,x,0,0,0,0,0,1,0]->[0,1,0,x,x,1,1,0,0,0];
0042 |	[0,x,x,0,0,0,0,0,1,1]->[0,1,1,x,x,1,1,0,0,0];
0043 |	[0,x,x,0,0,0,0,1,0,0]->[0,0,0,x,x,1,1,0,0,1];
0044 |	[0,x,x,0,0,0,0,1,0,1]->[0,0,1,x,x,1,1,0,0,1];
0045 |	[0,x,x,0,0,0,0,1,1,0]->[0,1,0,x,x,1,1,0,0,1];
0046 |	[0,x,x,0,0,0,0,1,1,1]->[0,1,1,x,x,1,1,0,0,1];"auf V0.4 / Prototyp A13 noch gekoppelt mit CS von RAM
0047 |	[0,x,x,0,0,0,1,0,0,0]->[1,0,0,x,x,1,1,x,x,0];"Platz für CIA lassen
0048 |	[0,x,x,0,0,0,1,0,0,1]->[0,1,0,x,1,1,0,0,0,0];"CIA ausblenden für ProfDOS RAM
0049 |	[0,x,x,0,0,0,1,0,1,0]->[0,1,0,x,1,1,0,0,0,0];
0050 |	[0,x,x,0,0,0,1,0,1,1]->[0,1,0,x,1,1,0,0,0,0];
0051 |	[0,x,x,0,0,0,1,1,0,0]->[0,1,0,0,1,0,1,0,0,0];"CIA ausblenden für DOS-Extension
0052 |	[0,x,x,0,0,0,1,1,0,1]->[0,1,0,0,1,0,1,0,0,0];
0053 |	[0,x,x,0,0,0,1,1,1,0]->[0,1,0,0,1,0,1,1,0,0];"CIA ausblenden für GCR
0054 |	[0,x,x,0,0,0,1,1,1,1]->[0,1,0,0,1,0,1,1,1,0];
0055 |	[0,x,x,0,0,1,0,0,0,0]->[0,0,0,x,x,1,1,0,0,0];"getauschtes ROM auf dem Board
0056 |	[0,x,x,0,0,1,0,0,0,1]->[0,0,1,x,x,1,1,0,0,0];
0057 |	[0,x,x,0,0,1,0,0,1,0]->[0,1,0,x,x,1,1,0,0,0];
0058 |	[0,x,x,0,0,1,0,0,1,1]->[0,1,1,x,x,1,1,0,0,0];
0059 |	[0,x,x,0,0,1,0,1,0,0]->[0,0,0,x,x,1,1,0,0,1];
0060 |	[0,x,x,0,0,1,0,1,0,1]->[0,0,1,x,x,1,1,0,0,1];
0061 |	[0,x,x,0,0,1,0,1,1,0]->[0,1,0,x,x,1,1,0,0,1];
0062 |	[0,x,x,0,0,1,0,1,1,1]->[0,1,1,x,x,1,1,0,0,1];
0063 |	[0,x,x,0,0,1,1,0,0,0]->[1,0,0,x,x,1,1,0,0,0];
0064 |	[0,x,x,0,0,1,1,0,0,1]->[1,0,1,x,x,1,1,0,0,0];
0065 |	[0,x,x,0,0,1,1,0,1,0]->[1,1,0,x,x,1,1,0,0,0];
0066 |	[0,x,x,0,0,1,1,0,1,1]->[1,1,1,x,x,1,1,0,0,0];
0067 |	[0,x,x,0,0,1,1,1,0,0]->[1,0,0,x,x,1,1,0,0,1];
0068 |	[0,x,x,0,0,1,1,1,0,1]->[1,0,1,x,x,1,1,0,0,1];
0069 |	[0,x,x,0,0,1,1,1,1,0]->[1,1,0,x,x,1,1,0,0,1];
0070 |	[0,x,x,0,0,1,1,1,1,1]->[1,1,1,x,x,1,1,0,0,1];
0071 |	[0,x,x,0,1,0,0,0,0,0]->[0,0,0,x,x,1,1,0,0,0];"ProfDos 1571 ein und HiROM auf ProfDos
0072 |	[0,x,x,0,1,0,0,0,0,1]->[0,0,1,x,x,1,1,0,0,0];
0073 |	[0,x,x,0,1,0,0,0,1,0]->[0,1,0,x,x,1,1,0,0,0];
0074 |	[0,x,x,0,1,0,0,0,1,1]->[0,1,1,x,x,1,1,0,0,0];
0075 |	[0,x,x,0,1,0,0,1,0,0]->[0,0,0,x,x,1,1,0,0,1];
0076 |	[0,x,x,0,1,0,0,1,0,1]->[0,0,1,x,x,1,1,0,0,1];
0077 |	[0,x,x,0,1,0,0,1,1,0]->[0,1,0,x,x,1,1,0,0,1];
0078 |	[0,x,x,0,1,0,0,1,1,1]->[0,1,1,x,x,1,1,0,0,1];"auf V0.4 / Prototyp A13 noch gekoppelt mit CS von RAM
0079 |	[0,x,x,0,1,0,1,0,0,0]->[1,0,0,x,x,1,1,x,x,0];"Platz für CIA lassen
0080 |	[0,x,x,0,1,0,1,0,0,1]->[0,1,0,x,1,1,0,0,0,0];"CIA ausblenden für ProfDOS RAM
0081 |	[0,x,x,0,1,0,1,0,1,0]->[0,1,0,x,1,1,0,0,0,0];
0082 |	[0,x,x,0,1,0,1,0,1,1]->[0,1,0,x,1,1,0,0,0,0];
0083 |	[0,x,x,0,1,0,1,1,0,0]->[0,1,0,0,1,0,1,0,0,0];"CIA ausblenden für DOS-Extension
0084 |	[0,x,x,0,1,0,1,1,0,1]->[0,1,0,0,1,0,1,0,0,0];
0085 |	[0,x,x,0,1,0,1,1,1,0]->[0,1,0,0,1,0,1,1,0,0];"CIA ausblenden für GCR
0086 |	[0,x,x,0,1,0,1,1,1,1]->[0,1,0,0,1,0,1,1,1,0];
0087 |	[0,x,x,0,1,1,0,0,0,0]->[0,1,0,0,0,0,1,0,0,0];"ROM ausblenden für ProfDos ROM vom Eprom 
0088 |	[0,x,x,0,1,1,0,0,0,1]->[0,1,0,0,0,0,1,0,0,0];
0089 |	[0,x,x,0,1,1,0,0,1,0]->[0,1,0,0,0,0,1,0,0,0];
0090 |	[0,x,x,0,1,1,0,0,1,1]->[0,1,0,0,0,0,1,0,0,0];
0091 |	[0,x,x,0,1,1,0,1,0,0]->[0,1,0,0,1,0,1,0,0,0];
0092 |	[0,x,x,0,1,1,0,1,0,1]->[0,1,0,0,1,0,1,0,0,0];
0093 |	[0,x,x,0,1,1,0,1,1,0]->[0,1,0,0,1,0,1,0,0,0];
0094 |	[0,x,x,0,1,1,0,1,1,1]->[0,1,0,0,1,0,1,0,0,0];
0095 |	[0,x,x,0,1,1,1,0,0,0]->[0,1,0,1,0,0,1,0,0,0];
0096 |	[0,x,x,0,1,1,1,0,0,1]->[0,1,0,1,0,0,1,0,0,0];
0097 |	[0,x,x,0,1,1,1,0,1,0]->[0,1,0,1,0,0,1,0,0,0];
0098 |	[0,x,x,0,1,1,1,0,1,1]->[0,1,0,1,0,0,1,0,0,0];
0099 |	[0,x,x,0,1,1,1,1,0,0]->[0,1,0,1,1,0,1,0,0,0];
0100 |	[0,x,x,0,1,1,1,1,0,1]->[0,1,0,1,1,0,1,0,0,0];
0101 |	[0,x,x,0,1,1,1,1,1,0]->[0,1,0,1,1,0,1,0,0,0];
0102 |	[0,x,x,0,1,1,1,1,1,1]->[0,1,0,1,1,0,1,0,0,0];
0103 |	[0,x,x,1,0,0,0,0,0,0]->[0,0,0,x,x,1,1,x,x,0];"ProfDos 1571 aus HIROM auf dem BOARD (aus ungültig)
0104 |	[0,x,x,1,0,0,0,0,0,1]->[0,0,1,x,x,1,1,x,x,0];
0105 |	[0,x,x,1,0,0,0,0,1,0]->[0,1,0,x,x,1,1,x,x,0];
0106 |	[0,x,x,1,0,0,0,0,1,1]->[0,1,1,x,x,1,1,x,x,0];
0107 |	[0,x,x,1,0,0,0,1,0,0]->[0,0,0,x,x,1,1,x,x,1];
0108 |	[0,x,x,1,0,0,0,1,0,1]->[0,0,1,x,x,1,1,x,x,1];
0109 |	[0,x,x,1,0,0,0,1,1,0]->[0,1,0,x,x,1,1,x,x,1];
0110 |	[0,x,x,1,0,0,0,1,1,1]->[0,1,1,x,x,1,1,x,x,1];"auf V0.4 / Prototyp A13 noch gekoppelt mit CS von RAM
0111 |	[0,x,x,1,0,0,1,0,0,0]->[1,0,0,x,x,1,1,x,x,0];"Platz für CIA lassen
0112 |	[0,x,x,1,0,0,1,0,0,1]->[1,0,1,x,x,1,1,x,x,0];"Platz für CIA lassen
0113 |	[0,x,x,1,0,0,1,0,1,0]->[1,1,0,x,x,1,1,x,x,0];"Platz für CIA lassen
0114 |	[0,x,x,1,0,0,1,0,1,1]->[1,1,1,x,x,1,1,x,x,0];"Platz für CIA lassen
0115 |	[0,x,x,1,0,0,1,1,0,0]->[1,0,0,x,x,1,1,x,x,1];"Platz für CIA lassen
0116 |	[0,x,x,1,0,0,1,1,0,1]->[1,0,1,x,x,1,1,x,x,1];"Platz für CIA lassen
0117 |	[0,x,x,1,0,0,1,1,1,0]->[1,1,0,x,x,1,1,x,x,1];"Platz für CIA lassen
0118 |	[0,x,x,1,0,0,1,1,1,1]->[1,1,1,x,x,1,1,x,x,1];"Platz für CIA lassen
0119 |	[0,x,x,1,0,1,0,0,0,0]->[0,0,0,x,x,1,1,x,x,0];"original ROM auf dem Board
0120 |	[0,x,x,1,0,1,0,0,0,1]->[0,0,1,x,x,1,1,x,x,0];
0121 |	[0,x,x,1,0,1,0,0,1,0]->[0,1,0,x,x,1,1,x,x,0];
0122 |	[0,x,x,1,0,1,0,0,1,1]->[0,1,1,x,x,1,1,x,x,0];
0123 |	[0,x,x,1,0,1,0,1,0,0]->[0,0,0,x,x,1,1,x,x,1];
0124 |	[0,x,x,1,0,1,0,1,0,1]->[0,0,1,x,x,1,1,x,x,1];
0125 |	[0,x,x,1,0,1,0,1,1,0]->[0,1,0,x,x,1,1,x,x,1];
0126 |	[0,x,x,1,0,1,0,1,1,1]->[0,1,1,x,x,1,1,x,x,1];
0127 |	[0,x,x,1,0,1,1,0,0,0]->[1,0,0,x,x,1,1,x,x,0];
0128 |	[0,x,x,1,0,1,1,0,0,1]->[1,0,1,x,x,1,1,x,x,0];
0129 |	[0,x,x,1,0,1,1,0,1,0]->[1,1,0,x,x,1,1,x,x,0];
0130 |	[0,x,x,1,0,1,1,0,1,1]->[1,1,1,x,x,1,1,x,x,0];
0131 |	[0,x,x,1,0,1,1,1,0,0]->[1,0,0,x,x,1,1,x,x,1];
0132 |	[0,x,x,1,0,1,1,1,0,1]->[1,0,1,x,x,1,1,x,x,1];
0133 |	[0,x,x,1,0,1,1,1,1,0]->[1,1,0,x,x,1,1,x,x,1];
0134 |	[0,x,x,1,0,1,1,1,1,1]->[1,1,1,x,x,1,1,x,x,1];
0135 |	[0,x,x,1,1,0,0,0,0,0]->[0,0,0,x,x,1,1,x,x,0];"ProfDos 1571 aus HIROM auf ProfDos
0136 |	[0,x,x,1,1,0,0,0,0,1]->[0,0,1,x,x,1,1,x,x,0];
0137 |	[0,x,x,1,1,0,0,0,1,0]->[0,1,0,x,x,1,1,x,x,0];
0138 |	[0,x,x,1,1,0,0,0,1,1]->[0,1,1,x,x,1,1,x,x,0];
0139 |	[0,x,x,1,1,0,0,1,0,0]->[0,0,0,x,x,1,1,x,x,1];
0140 |	[0,x,x,1,1,0,0,1,0,1]->[0,0,1,x,x,1,1,x,x,1];
0141 |	[0,x,x,1,1,0,0,1,1,0]->[0,1,0,x,x,1,1,x,x,1];
0142 |	[0,x,x,1,1,0,0,1,1,1]->[0,1,1,x,x,1,1,x,x,1];"auf V0.4 / Prototyp A13 noch gekoppelt mit CS von RAM
0143 |	[0,x,x,1,1,0,1,0,0,0]->[1,0,0,x,x,1,1,x,x,0];"Platz für CIA lassen
0144 |	[0,x,x,1,1,0,1,0,0,1]->[1,0,1,x,x,1,1,x,x,0];"Platz für CIA lassen
0145 |	[0,x,x,1,1,0,1,0,1,0]->[1,1,0,x,x,1,1,x,x,0];"Platz für CIA lassen
0146 |	[0,x,x,1,1,0,1,0,1,1]->[1,1,1,x,x,1,1,x,x,0];"Platz für CIA lassen
0147 |	[0,x,x,1,1,0,1,1,0,0]->[1,0,0,x,x,1,1,x,x,1];"Platz für CIA lassen
0148 |	[0,x,x,1,1,0,1,1,0,1]->[1,0,1,x,x,1,1,x,x,1];"Platz für CIA lassen
0149 |	[0,x,x,1,1,0,1,1,1,0]->[1,1,0,x,x,1,1,x,x,1];"Platz für CIA lassen
0150 |	[0,x,x,1,1,0,1,1,1,1]->[1,1,1,x,x,1,1,x,x,1];"Platz für CIA lassen
0151 |	[0,x,x,1,1,1,0,0,0,0]->[0,0,0,x,x,1,1,x,x,0];"original ROM auf dem Board
0152 |	[0,x,x,1,1,1,0,0,0,1]->[0,0,1,x,x,1,1,x,x,0];
0153 |	[0,x,x,1,1,1,0,0,1,0]->[0,1,0,x,x,1,1,x,x,0];
0154 |	[0,x,x,1,1,1,0,0,1,1]->[0,1,1,x,x,1,1,x,x,0];
0155 |	[0,x,x,1,1,1,0,1,0,0]->[0,0,0,x,x,1,1,x,x,1];
0156 |	[0,x,x,1,1,1,0,1,0,1]->[0,0,1,x,x,1,1,x,x,1];
0157 |	[0,x,x,1,1,1,0,1,1,0]->[0,1,0,x,x,1,1,x,x,1];
0158 |	[0,x,x,1,1,1,0,1,1,1]->[0,1,1,x,x,1,1,x,x,1];
0159 |	[0,x,x,1,1,1,1,0,0,0]->[1,0,0,x,x,1,1,x,x,0];
0160 |	[0,x,x,1,1,1,1,0,0,1]->[1,0,1,x,x,1,1,x,x,0];
0161 |	[0,x,x,1,1,1,1,0,1,0]->[1,1,0,x,x,1,1,x,x,0];
0162 |	[0,x,x,1,1,1,1,0,1,1]->[1,1,1,x,x,1,1,x,x,0];
0163 |	[0,x,x,1,1,1,1,1,0,0]->[1,0,0,x,x,1,1,x,x,1];
0164 |	[0,x,x,1,1,1,1,1,0,1]->[1,0,1,x,x,1,1,x,x,1];
0165 |	[0,x,x,1,1,1,1,1,1,0]->[1,1,0,x,x,1,1,x,x,1];
0166 |	[0,x,x,1,1,1,1,1,1,1]->[1,1,1,x,x,1,1,x,x,1];
0167 |	[1,x,0,0,x,0,0,0,0,0]->[0,0,0,x,x,1,1,x,x,0];"RAM onboard
0168 |	[1,0,0,0,x,0,0,0,0,1]->[0,0,1,1,0,1,1,0,0,0];
0169 |	[1,0,0,0,x,0,0,0,1,0]->[0,1,0,1,1,1,0,0,0,0];
0170 |	[1,0,0,0,x,0,0,0,1,1]->[0,1,1,1,0,1,1,0,0,0];
0171 |	[1,0,0,0,x,0,0,1,0,0]->[0,0,0,1,0,1,1,0,0,0];
0172 |	[1,0,0,0,x,0,0,1,0,1]->[0,0,1,1,0,1,1,0,0,0];
0173 |	[1,0,0,0,x,0,0,1,1,0]->[0,1,0,1,0,1,1,0,0,0];
0174 |	[1,0,0,0,x,0,0,1,1,1]->[0,1,1,1,0,1,1,0,0,0];
0175 |	[1,0,0,0,x,0,1,0,0,0]->[0,1,0,1,1,1,0,0,0,0];"ProfDos RAM
0176 |	[1,0,0,0,x,0,1,0,0,1]->[0,1,0,1,1,1,0,0,0,0];
0177 |	[1,0,0,0,x,0,1,0,1,0]->[0,1,0,1,1,1,0,0,0,0];
0178 |	[1,0,0,0,x,0,1,0,1,1]->[0,1,0,1,1,1,0,0,0,0];
0179 |	[1,0,0,0,x,0,1,1,0,0]->[0,1,0,1,0,0,1,0,0,0];"DOS-Extension
0180 |	[1,0,0,0,x,0,1,1,0,1]->[0,1,0,1,0,0,1,0,0,1];
0181 |	[1,0,0,0,x,0,1,1,1,0]->[0,1,0,1,0,0,1,1,0,0];"GCR
0182 |	[1,0,0,0,x,0,1,1,1,1]->[0,1,0,1,0,0,1,1,1,0];
0183 |	[1,0,0,0,x,1,0,0,0,0]->[1,0,0,1,0,1,1,0,0,0];
0184 |	[1,0,0,0,x,1,0,0,0,1]->[1,0,1,1,0,1,1,0,0,0];
0185 |	[1,0,0,0,x,1,0,0,1,0]->[1,1,0,1,0,1,1,0,0,0];
0186 |	[1,0,0,0,x,1,0,0,1,1]->[1,1,1,1,0,1,1,0,0,0];
0187 |	[1,0,0,0,x,1,0,1,0,0]->[0,1,0,1,0,1,1,0,0,0];
0188 |	[1,0,0,0,x,1,0,1,0,1]->[0,0,1,1,0,1,1,0,0,0];
0189 |	[1,0,0,0,x,1,0,1,1,0]->[0,1,0,1,0,1,1,0,0,0];
0190 |	[1,0,0,0,x,1,0,1,1,1]->[0,0,1,1,0,1,1,0,0,0];
0191 |	[1,0,0,0,x,1,1,0,0,0]->[1,0,0,1,0,1,1,0,0,0];"Low-Rom auf dem Board
0192 |	[1,0,0,0,x,1,1,0,0,1]->[1,0,1,1,0,1,1,0,0,0];
0193 |	[1,0,0,0,x,1,1,0,1,0]->[1,1,0,1,0,1,1,0,0,0];
0194 |	[1,0,0,0,x,1,1,0,1,1]->[1,1,1,1,0,1,1,0,0,0];
0195 |	[1,0,0,0,x,1,1,1,0,0]->[0,1,0,1,1,0,1,0,0,0];"High-Rom ProfDos
0196 |	[1,0,0,0,x,1,1,1,0,1]->[0,1,0,1,1,0,1,0,0,0];
0197 |	[1,0,0,0,x,1,1,1,1,0]->[0,1,0,1,1,0,1,0,0,0];
0198 |	[1,0,0,0,x,1,1,1,1,1]->[0,1,0,1,1,0,1,0,0,0];
0199 |	[1,x,0,1,x,0,0,0,0,0]->[0,0,0,x,x,1,1,x,x,0];"RAM onboard
0200 |	[1,0,0,1,0,0,0,0,0,1]->[0,0,1,1,0,1,1,x,x,0];
0201 |	[1,0,0,1,0,0,0,0,1,0]->[0,1,0,1,0,1,1,x,x,0];
0202 |	[1,0,0,1,0,0,0,0,1,1]->[0,1,1,1,0,1,1,x,x,0];
0203 |	[1,0,0,1,0,0,0,1,0,0]->[0,0,0,1,0,1,1,x,x,0];
0204 |	[1,0,0,1,0,0,0,1,0,1]->[0,0,1,1,0,1,1,x,x,0];
0205 |	[1,0,0,1,0,0,0,1,1,0]->[0,1,0,1,0,1,1,x,x,0];
0206 |	[1,0,0,1,0,0,0,1,1,1]->[0,1,1,1,0,1,1,x,x,0];
0207 |	[1,0,0,1,0,0,1,0,0,0]->[0,0,0,1,0,1,1,x,x,0];
0208 |	[1,0,0,1,0,0,1,0,0,1]->[0,0,1,1,0,1,1,x,x,0];
0209 |	[1,0,0,1,0,0,1,0,1,0]->[0,1,0,1,0,1,1,x,x,0];
0210 |	[1,0,0,1,0,0,1,0,1,1]->[0,1,1,1,0,1,1,x,x,0];
0211 |	[1,0,0,1,0,0,1,1,0,0]->[0,0,0,1,0,1,1,x,x,0];
0212 |	[1,0,0,1,0,0,1,1,0,1]->[0,0,1,1,0,1,1,x,x,0];
0213 |	[1,0,0,1,0,0,1,1,1,0]->[0,1,0,1,0,1,1,x,x,0];
0214 |	[1,0,0,1,0,0,1,1,1,1]->[0,1,1,1,0,1,1,x,x,0];
0215 |	[1,0,0,1,0,1,0,0,0,0]->[1,0,0,1,0,1,1,x,x,0];
0216 |	[1,0,0,1,0,1,0,0,0,1]->[1,0,1,1,0,1,1,x,x,0];
0217 |	[1,0,0,1,0,1,0,0,1,0]->[1,1,0,1,0,1,1,x,x,0];
0218 |	[1,0,0,1,0,1,0,0,1,1]->[1,1,1,1,0,1,1,x,x,0];
0219 |	[1,0,0,1,0,1,0,1,0,0]->[1,0,0,1,0,1,1,x,x,0];
0220 |	[1,0,0,1,0,1,0,1,0,1]->[1,0,1,1,0,1,1,x,x,0];
0221 |	[1,0,0,1,0,1,0,1,1,0]->[1,1,0,1,0,1,1,x,x,0];
0222 |	[1,0,0,1,0,1,0,1,1,1]->[1,1,1,1,0,1,1,x,x,0];
0223 |	[1,0,0,1,0,1,1,0,0,0]->[1,0,0,1,0,1,1,x,x,0];"Low-Rom auf dem Board
0224 |	[1,0,0,1,0,1,1,0,0,1]->[1,0,1,1,0,1,1,x,x,0];
0225 |	[1,0,0,1,0,1,1,0,1,0]->[1,1,0,1,0,1,1,x,x,0];
0226 |	[1,0,0,1,0,1,1,0,1,1]->[1,1,1,1,0,1,1,x,x,0];
0227 |	[1,0,0,1,0,1,1,1,0,0]->[1,0,0,1,1,1,1,x,x,0];"High-Rom auf dem Board
0228 |	[1,0,0,1,0,1,1,1,0,1]->[1,0,1,1,1,1,1,x,x,0];
0229 |	[1,0,0,1,0,1,1,1,1,0]->[1,1,0,1,1,1,1,x,x,0];
0230 |	[1,0,0,1,0,1,1,1,1,1]->[1,1,1,1,1,1,1,x,x,0];
0231 |	[1,x,0,1,x,0,0,0,0,0]->[0,0,0,x,x,1,1,x,x,0];"RAM onboard
0232 |	[1,0,0,1,1,0,0,0,0,1]->[0,0,1,1,0,1,1,0,0,0];
0233 |	[1,0,0,1,1,0,0,0,1,0]->[0,1,0,1,0,1,1,0,0,0];
0234 |	[1,0,0,1,1,0,0,0,1,1]->[0,1,1,1,0,1,1,0,0,0];
0235 |	[1,0,0,1,1,0,0,1,0,0]->[0,0,0,1,0,1,1,0,0,0];
0236 |	[1,0,0,1,1,0,0,1,0,1]->[0,0,1,1,0,1,1,0,0,0];
0237 |	[1,0,0,1,1,0,0,1,1,0]->[0,1,0,1,0,1,1,0,0,0];
0238 |	[1,0,0,1,1,0,0,1,1,1]->[0,1,1,1,0,1,1,0,0,0];
0239 |	[1,0,0,1,1,0,1,0,0,0]->[0,0,0,1,0,1,1,0,0,0];
0240 |	[1,0,0,1,1,0,1,0,0,1]->[0,0,1,1,0,1,1,0,0,0];
0241 |	[1,0,0,1,1,0,1,0,1,0]->[0,1,0,1,0,1,1,0,0,0];
0242 |	[1,0,0,1,1,0,1,0,1,1]->[0,1,1,1,0,1,1,0,0,0];
0243 |	[1,0,0,1,1,0,1,1,0,0]->[0,0,0,1,0,1,1,0,0,0];
0244 |	[1,0,0,1,1,0,1,1,0,1]->[0,0,1,1,0,1,1,0,0,0];
0245 |	[1,0,0,1,1,0,1,1,1,0]->[0,1,0,1,0,1,1,1,0,0];
0246 |	[1,0,0,1,1,0,1,1,1,1]->[0,1,1,1,0,1,1,1,1,0];
0247 |	[1,0,0,1,1,1,0,0,0,0]->[1,0,0,1,0,1,1,0,0,0];
0248 |	[1,0,0,1,1,1,0,0,0,1]->[1,0,1,1,0,1,1,0,0,0];
0249 |	[1,0,0,1,1,1,0,0,1,0]->[1,1,0,1,0,1,1,0,0,0];
0250 |	[1,0,0,1,1,1,0,0,1,1]->[1,1,1,1,0,1,1,0,0,0];
0251 |	[1,0,0,1,1,1,0,1,0,0]->[1,0,0,1,0,1,1,0,0,0];
0252 |	[1,0,0,1,1,1,0,1,0,1]->[1,0,1,1,0,1,1,0,0,0];
0253 |	[1,0,0,1,1,1,0,1,1,0]->[1,1,0,1,0,1,1,0,0,0];
0254 |	[1,0,0,1,1,1,0,1,1,1]->[1,1,1,1,0,1,1,0,0,0];
0255 |	[1,0,0,1,1,1,1,0,0,0]->[1,0,0,1,0,1,1,0,0,0];"Low-Rom auf dem Board
0256 |	[1,0,0,1,1,1,1,0,0,1]->[1,0,1,1,0,1,1,0,0,0];
0257 |	[1,0,0,1,1,1,1,0,1,0]->[1,1,0,1,0,1,1,0,0,0];
0258 |	[1,0,0,1,1,1,1,0,1,1]->[1,1,1,1,0,1,1,0,0,0];
0259 |	[1,0,0,1,1,1,1,1,0,0]->[0,1,0,0,1,0,1,0,0,0];"alternatives High-Rom auf Prof Dos Anpassung (von !off kopiert)
0260 |	[1,0,0,1,1,1,1,1,0,1]->[0,1,0,0,1,0,1,0,0,0];
0261 |	[1,0,0,1,1,1,1,1,1,0]->[0,1,0,0,1,0,1,0,0,0];
0262 |	[1,0,0,1,1,1,1,1,1,1]->[0,1,0,0,1,0,1,0,0,0];
0263 |	[1,x,1,0,x,0,0,0,0,0]->[0,1,0,x,1,1,0,0,0,0];"RAM ProfDOS
0264 |	[1,0,1,0,x,0,0,0,0,1]->[0,0,1,1,0,1,1,0,0,0];
0265 |	[1,0,1,0,x,0,0,0,1,0]->[0,1,0,1,1,1,0,0,0,0];
0266 |	[1,0,1,0,x,0,0,0,1,1]->[0,1,1,1,0,1,1,0,0,0];
0267 |	[1,0,1,0,x,0,0,1,0,0]->[0,0,0,1,0,1,1,0,0,0];
0268 |	[1,0,1,0,x,0,0,1,0,1]->[0,0,1,1,0,1,1,0,0,0];
0269 |	[1,0,1,0,x,0,0,1,1,0]->[0,1,0,1,0,1,1,0,0,0];
0270 |	[1,0,1,0,x,0,0,1,1,1]->[0,1,1,1,0,1,1,0,0,0];
0271 |	[1,0,1,0,x,0,1,0,0,0]->[0,1,0,1,1,1,1,0,0,0];
0272 |	[1,0,1,0,x,0,1,0,0,1]->[0,1,0,1,1,1,0,0,0,0];
0273 |	[1,0,1,0,x,0,1,0,1,0]->[0,1,0,1,1,1,0,0,0,0];
0274 |	[1,0,1,0,x,0,1,0,1,1]->[0,1,0,1,1,1,0,0,0,0];
0275 |	[1,0,1,0,x,0,1,1,0,0]->[0,1,0,1,0,0,1,0,0,0];
0276 |	[1,0,1,0,x,0,1,1,0,1]->[0,1,0,1,0,0,1,0,0,1];
0277 |	[1,0,1,0,x,0,1,1,1,0]->[0,1,0,1,0,0,1,1,0,0];
0278 |	[1,0,1,0,x,0,1,1,1,1]->[0,1,0,1,0,0,1,1,1,0];
0279 |	[1,0,1,0,x,1,0,0,0,0]->[1,0,0,1,0,1,1,0,0,0];
0280 |	[1,0,1,0,x,1,0,0,0,1]->[1,0,1,1,0,1,1,0,0,0];
0281 |	[1,0,1,0,x,1,0,0,1,0]->[1,1,0,1,0,1,1,0,0,0];
0282 |	[1,0,1,0,x,1,0,0,1,1]->[1,1,1,1,0,1,1,0,0,0];
0283 |	[1,0,1,0,x,1,0,1,0,0]->[0,1,0,1,0,1,1,0,0,0];
0284 |	[1,0,1,0,x,1,0,1,0,1]->[0,0,1,1,0,1,1,0,0,0];
0285 |	[1,0,1,0,x,1,0,1,1,0]->[0,1,0,1,0,1,1,0,0,0];
0286 |	[1,0,1,0,x,1,0,1,1,1]->[0,0,1,1,0,1,1,0,0,0];
0287 |	[1,0,1,0,x,1,1,0,0,0]->[1,0,0,1,0,1,1,0,0,0];"Low-Rom auf dem Board
0288 |	[1,0,1,0,x,1,1,0,0,1]->[1,0,1,1,0,1,1,0,0,0];
0289 |	[1,0,1,0,x,1,1,0,1,0]->[1,1,0,1,0,1,1,0,0,0];
0290 |	[1,0,1,0,x,1,1,0,1,1]->[1,1,1,1,0,1,1,0,0,0];
0291 |	[1,0,1,0,x,1,1,1,0,0]->[0,1,0,1,1,0,1,0,0,0];"High-Rom ProfDos
0292 |	[1,0,1,0,x,1,1,1,0,1]->[0,1,0,1,1,0,1,0,0,0];
0293 |	[1,0,1,0,x,1,1,1,1,0]->[0,1,0,1,1,0,1,0,0,0];
0294 |	[1,0,1,0,x,1,1,1,1,1]->[0,1,0,1,1,0,1,0,0,0];
0295 |	[1,x,1,1,x,0,0,0,0,0]->[0,1,0,x,1,1,0,0,0,0];"RAM ProfDOS
0296 |	[1,0,1,1,0,0,0,0,0,1]->[0,0,1,1,0,1,1,x,x,0];
0297 |	[1,0,1,1,0,0,0,0,1,0]->[0,1,0,1,0,1,1,x,x,0];
0298 |	[1,0,1,1,0,0,0,0,1,1]->[0,1,1,1,0,1,1,x,x,0];
0299 |	[1,0,1,1,0,0,0,1,0,0]->[0,0,0,1,0,1,1,x,x,0];
0300 |	[1,0,1,1,0,0,0,1,0,1]->[0,0,1,1,0,1,1,x,x,0];
0301 |	[1,0,1,1,0,0,0,1,1,0]->[0,1,0,1,0,1,1,x,x,0];
0302 |	[1,0,1,1,0,0,0,1,1,1]->[0,1,1,1,0,1,1,x,x,0];
0303 |	[1,0,1,1,0,0,1,0,0,0]->[0,0,0,1,0,1,1,x,x,0];
0304 |	[1,0,1,1,0,0,1,0,0,1]->[0,0,1,1,0,1,1,x,x,0];
0305 |	[1,0,1,1,0,0,1,0,1,0]->[0,1,0,1,0,1,1,x,x,0];
0306 |	[1,0,1,1,0,0,1,0,1,1]->[0,1,1,1,0,1,1,x,x,0];
0307 |	[1,0,1,1,0,0,1,1,0,0]->[0,0,0,1,0,1,1,x,x,0];
0308 |	[1,0,1,1,0,0,1,1,0,1]->[0,0,1,1,0,1,1,x,x,0];
0309 |	[1,0,1,1,0,0,1,1,1,0]->[0,1,0,1,0,1,1,x,x,0];
0310 |	[1,0,1,1,0,0,1,1,1,1]->[0,1,1,1,0,1,1,x,x,0];
0311 |	[1,0,1,1,0,1,0,0,0,0]->[1,0,0,1,0,1,1,x,x,0];
0312 |	[1,0,1,1,0,1,0,0,0,1]->[1,0,1,1,0,1,1,x,x,0];
0313 |	[1,0,1,1,0,1,0,0,1,0]->[1,1,0,1,0,1,1,x,x,0];
0314 |	[1,0,1,1,0,1,0,0,1,1]->[1,1,1,1,0,1,1,x,x,0];
0315 |	[1,0,1,1,0,1,0,1,0,0]->[1,0,0,1,0,1,1,x,x,0];
0316 |	[1,0,1,1,0,1,0,1,0,1]->[1,0,1,1,0,1,1,x,x,0];
0317 |	[1,0,1,1,0,1,0,1,1,0]->[1,1,0,1,0,1,1,x,x,0];
0318 |	[1,0,1,1,0,1,0,1,1,1]->[1,1,1,1,0,1,1,x,x,0];
0319 |	[1,0,1,1,0,1,1,0,0,0]->[1,0,0,1,0,1,1,x,x,0];"Low-Rom auf dem Board
0320 |	[1,0,1,1,0,1,1,0,0,1]->[1,0,1,1,0,1,1,x,x,0];
0321 |	[1,0,1,1,0,1,1,0,1,0]->[1,1,0,1,0,1,1,x,x,0];
0322 |	[1,0,1,1,0,1,1,0,1,1]->[1,1,1,1,0,1,1,x,x,0];
0323 |	[1,0,1,1,0,1,1,1,0,0]->[1,0,0,1,1,1,1,x,x,0];"High-Rom auf dem Board
0324 |	[1,0,1,1,0,1,1,1,0,1]->[1,0,1,1,1,1,1,x,x,0];
0325 |	[1,0,1,1,0,1,1,1,1,0]->[1,1,0,1,1,1,1,x,x,0];
0326 |	[1,0,1,1,0,1,1,1,1,1]->[1,1,1,1,1,1,1,x,x,0];
0327 |	[1,x,1,1,x,0,0,0,0,0]->[0,1,0,x,1,1,0,0,0,0];"RAM ProfDOS
0328 |	[1,0,1,1,1,0,0,0,0,1]->[0,0,1,1,0,1,1,0,0,0];
0329 |	[1,0,1,1,1,0,0,0,1,0]->[0,1,0,1,0,1,1,0,0,0];
0330 |	[1,0,1,1,1,0,0,0,1,1]->[0,1,1,1,0,1,1,0,0,0];
0331 |	[1,0,1,1,1,0,0,1,0,0]->[0,0,0,1,0,1,1,0,0,0];
0332 |	[1,0,1,1,1,0,0,1,0,1]->[0,0,1,1,0,1,1,0,0,0];
0333 |	[1,0,1,1,1,0,0,1,1,0]->[0,1,0,1,0,1,1,0,0,0];
0334 |	[1,0,1,1,1,0,0,1,1,1]->[0,1,1,1,0,1,1,0,0,0];
0335 |	[1,0,1,1,1,0,1,0,0,0]->[0,0,0,1,0,1,1,0,0,0];
0336 |	[1,0,1,1,1,0,1,0,0,1]->[0,0,1,1,0,1,1,0,0,0];
0337 |	[1,0,1,1,1,0,1,0,1,0]->[0,1,0,1,0,1,1,0,0,0];
0338 |	[1,0,1,1,1,0,1,0,1,1]->[0,1,1,1,0,1,1,0,0,0];
0339 |	[1,0,1,1,1,0,1,1,0,0]->[0,0,0,1,0,1,1,0,0,0];
0340 |	[1,0,1,1,1,0,1,1,0,1]->[0,0,1,1,0,1,1,0,0,0];
0341 |	[1,0,1,1,1,0,1,1,1,0]->[0,1,0,1,0,1,1,1,0,0];
0342 |	[1,0,1,1,1,0,1,1,1,1]->[0,1,1,1,0,1,1,1,1,0];
0343 |	[1,0,1,1,1,1,0,0,0,0]->[1,0,0,1,0,1,1,0,0,0];
0344 |	[1,0,1,1,1,1,0,0,0,1]->[1,0,1,1,0,1,1,0,0,0];
0345 |	[1,0,1,1,1,1,0,0,1,0]->[1,1,0,1,0,1,1,0,0,0];
0346 |	[1,0,1,1,1,1,0,0,1,1]->[1,1,1,1,0,1,1,0,0,0];
0347 |	[1,0,1,1,1,1,0,1,0,0]->[1,0,0,1,0,1,1,0,0,0];
0348 |	[1,0,1,1,1,1,0,1,0,1]->[1,0,1,1,0,1,1,0,0,0];
0349 |	[1,0,1,1,1,1,0,1,1,0]->[1,1,0,1,0,1,1,0,0,0];
0350 |	[1,0,1,1,1,1,0,1,1,1]->[1,1,1,1,0,1,1,0,0,0];
0351 |	[1,0,1,1,1,1,1,0,0,0]->[1,0,0,1,0,1,1,0,0,0];"Low-Rom auf dem Board
0352 |	[1,0,1,1,1,1,1,0,0,1]->[1,0,1,1,0,1,1,0,0,0];
0353 |	[1,0,1,1,1,1,1,0,1,0]->[1,1,0,1,0,1,1,0,0,0];
0354 |	[1,0,1,1,1,1,1,0,1,1]->[1,1,1,1,0,1,1,0,0,0];
0355 |	[1,0,1,1,1,1,1,1,0,0]->[0,1,0,0,1,0,1,0,0,0];"alternatives High-Rom auf Prof Dos Anpassung (von !off kopiert)
0356 |	[1,0,1,1,1,1,1,1,0,1]->[0,1,0,0,1,0,1,0,0,0];
0357 |	[1,0,1,1,1,1,1,1,1,0]->[0,1,0,0,1,0,1,0,0,0];
0358 |	[1,0,1,1,1,1,1,1,1,1]->[0,1,0,0,1,0,1,0,0,0];
0359 |	[1,x,0,0,x,0,0,0,0,0]->[0,0,0,x,x,1,1,x,x,0];"RAM onboard
0360 |	[1,1,0,0,x,0,0,0,0,1]->[0,0,1,1,0,1,1,0,0,0];
0361 |	[1,1,0,0,x,0,0,0,1,0]->[0,1,0,1,1,1,0,0,0,0];
0362 |	[1,1,0,0,x,0,0,0,1,1]->[0,1,1,1,0,1,1,0,0,0];
0363 |	[1,1,0,0,x,0,0,1,0,0]->[0,0,0,1,0,1,1,0,0,0];
0364 |	[1,1,0,0,x,0,0,1,0,1]->[0,0,1,1,0,1,1,0,0,0];
0365 |	[1,1,0,0,x,0,0,1,1,0]->[0,1,0,1,0,1,1,0,0,0];
0366 |	[1,1,0,0,x,0,0,1,1,1]->[0,1,1,1,0,1,1,0,0,0];
0367 |	[1,1,0,0,x,0,1,0,0,0]->[0,1,0,1,1,1,0,0,0,0];
0368 |	[1,1,0,0,x,0,1,0,0,1]->[0,1,0,1,1,1,0,0,0,0];
0369 |	[1,1,0,0,x,0,1,0,1,0]->[0,1,0,1,1,1,0,0,0,0];
0370 |	[1,1,0,0,x,0,1,0,1,1]->[0,1,0,1,1,1,0,0,0,0];
0371 |	[1,1,0,0,x,0,1,1,0,0]->[0,1,0,1,0,0,1,0,0,0];
0372 |	[1,1,0,0,x,0,1,1,0,1]->[0,1,0,1,0,0,1,0,0,1];
0373 |	[1,1,0,0,x,0,1,1,1,0]->[0,1,0,1,0,0,1,1,0,0];
0374 |	[1,1,0,0,x,0,1,1,1,1]->[0,1,0,1,0,0,1,1,1,0];
0375 |	[1,1,0,0,x,1,0,0,0,0]->[1,0,0,1,0,1,1,0,0,0];
0376 |	[1,1,0,0,x,1,0,0,0,1]->[1,0,1,1,0,1,1,0,0,0];
0377 |	[1,1,0,0,x,1,0,0,1,0]->[1,1,0,1,0,1,1,0,0,0];
0378 |	[1,1,0,0,x,1,0,0,1,1]->[1,1,1,1,0,1,1,0,0,0];
0379 |	[1,1,0,0,x,1,0,1,0,0]->[0,1,0,1,0,1,1,0,0,0];
0380 |	[1,1,0,0,x,1,0,1,0,1]->[0,0,1,1,0,1,1,0,0,0];
0381 |	[1,1,0,0,x,1,0,1,1,0]->[0,1,0,1,0,1,1,0,0,0];
0382 |	[1,1,0,0,x,1,0,1,1,1]->[0,0,1,1,0,1,1,0,0,0];
0383 |	[1,1,0,0,x,1,1,0,0,0]->[0,1,0,0,0,0,1,0,0,0];"Low ROM auf ProfDOS
0384 |	[1,1,0,0,x,1,1,0,0,1]->[0,1,0,0,0,0,1,0,0,0];
0385 |	[1,1,0,0,x,1,1,0,1,0]->[0,1,0,0,0,0,1,0,0,0];
0386 |	[1,1,0,0,x,1,1,0,1,1]->[0,1,0,0,0,0,1,0,0,0];
0387 |	[1,1,0,0,x,1,1,1,0,0]->[0,1,0,1,1,0,1,0,0,0];"High-Rom ProfDos
0388 |	[1,1,0,0,x,1,1,1,0,1]->[0,1,0,1,1,0,1,0,0,0];
0389 |	[1,1,0,0,x,1,1,1,1,0]->[0,1,0,1,1,0,1,0,0,0];
0390 |	[1,1,0,0,x,1,1,1,1,1]->[0,1,0,1,1,0,1,0,0,0];
0391 |	[1,x,0,1,x,0,0,0,0,0]->[0,0,0,x,x,1,1,x,x,0];"RAM onboard
0392 |	[1,1,0,1,0,0,0,0,0,1]->[0,0,1,1,0,1,1,x,x,0];
0393 |	[1,1,0,1,0,0,0,0,1,0]->[0,1,0,1,0,1,1,x,x,0];
0394 |	[1,1,0,1,0,0,0,0,1,1]->[0,1,1,1,0,1,1,x,x,0];
0395 |	[1,1,0,1,0,0,0,1,0,0]->[0,0,0,1,0,1,1,x,x,0];
0396 |	[1,1,0,1,0,0,0,1,0,1]->[0,0,1,1,0,1,1,x,x,0];
0397 |	[1,1,0,1,0,0,0,1,1,0]->[0,1,0,1,0,1,1,x,x,0];
0398 |	[1,1,0,1,0,0,0,1,1,1]->[0,1,1,1,0,1,1,x,x,0];
0399 |	[1,1,0,1,0,0,1,0,0,0]->[0,0,0,1,0,1,1,x,x,0];
0400 |	[1,1,0,1,0,0,1,0,0,1]->[0,0,1,1,0,1,1,x,x,0];
0401 |	[1,1,0,1,0,0,1,0,1,0]->[0,1,0,1,0,1,1,x,x,0];
0402 |	[1,1,0,1,0,0,1,0,1,1]->[0,1,1,1,0,1,1,x,x,0];
0403 |	[1,1,0,1,0,0,1,1,0,0]->[0,0,0,1,0,1,1,x,x,0];
0404 |	[1,1,0,1,0,0,1,1,0,1]->[0,0,1,1,0,1,1,x,x,0];
0405 |	[1,1,0,1,0,0,1,1,1,0]->[0,1,0,1,0,1,1,x,x,0];
0406 |	[1,1,0,1,0,0,1,1,1,1]->[0,1,1,1,0,1,1,x,x,0];
0407 |	[1,1,0,1,0,1,0,0,0,0]->[1,0,0,1,0,1,1,x,x,0];
0408 |	[1,1,0,1,0,1,0,0,0,1]->[1,0,1,1,0,1,1,x,x,0];
0409 |	[1,1,0,1,0,1,0,0,1,0]->[1,1,0,1,0,1,1,x,x,0];
0410 |	[1,1,0,1,0,1,0,0,1,1]->[1,1,1,1,0,1,1,x,x,0];
0411 |	[1,1,0,1,0,1,0,1,0,0]->[1,0,0,1,0,1,1,x,x,0];
0412 |	[1,1,0,1,0,1,0,1,0,1]->[1,0,1,1,0,1,1,x,x,0];
0413 |	[1,1,0,1,0,1,0,1,1,0]->[1,1,0,1,0,1,1,x,x,0];
0414 |	[1,1,0,1,0,1,0,1,1,1]->[1,1,1,1,0,1,1,x,x,0];
0415 |	[1,1,0,1,0,1,1,0,0,0]->[1,0,0,1,0,1,1,x,x,0];"Low-Rom auf dem Board (Weil HighROM auch Board)
0416 |	[1,1,0,1,0,1,1,0,0,1]->[1,0,1,1,0,1,1,x,x,0];
0417 |	[1,1,0,1,0,1,1,0,1,0]->[1,1,0,1,0,1,1,x,x,0];
0418 |	[1,1,0,1,0,1,1,0,1,1]->[1,1,1,1,0,1,1,x,x,0];
0419 |	[1,1,0,1,0,1,1,1,0,0]->[1,0,0,1,1,1,1,x,x,0];"High-Rom auf dem Board
0420 |	[1,1,0,1,0,1,1,1,0,1]->[1,0,1,1,1,1,1,x,x,0];
0421 |	[1,1,0,1,0,1,1,1,1,0]->[1,1,0,1,1,1,1,x,x,0];
0422 |	[1,1,0,1,0,1,1,1,1,1]->[1,1,1,1,1,1,1,x,x,0];
0423 |	[1,x,0,1,x,0,0,0,0,0]->[0,0,0,x,x,1,1,x,x,0];"RAM onboard
0424 |	[1,1,0,1,1,0,0,0,0,1]->[0,0,1,1,0,1,1,0,0,0];
0425 |	[1,1,0,1,1,0,0,0,1,0]->[0,1,0,1,0,1,1,0,0,0];
0426 |	[1,1,0,1,1,0,0,0,1,1]->[0,1,1,1,0,1,1,0,0,0];
0427 |	[1,1,0,1,1,0,0,1,0,0]->[0,0,0,1,0,1,1,0,0,0];
0428 |	[1,1,0,1,1,0,0,1,0,1]->[0,0,1,1,0,1,1,0,0,0];
0429 |	[1,1,0,1,1,0,0,1,1,0]->[0,1,0,1,0,1,1,0,0,0];
0430 |	[1,1,0,1,1,0,0,1,1,1]->[0,1,1,1,0,1,1,0,0,0];
0431 |	[1,1,0,1,1,0,1,0,0,0]->[0,0,0,1,0,1,1,0,0,0];
0432 |	[1,1,0,1,1,0,1,0,0,1]->[0,0,1,1,0,1,1,0,0,0];
0433 |	[1,1,0,1,1,0,1,0,1,0]->[0,1,0,1,0,1,1,0,0,0];
0434 |	[1,1,0,1,1,0,1,0,1,1]->[0,1,1,1,0,1,1,0,0,0];
0435 |	[1,1,0,1,1,0,1,1,0,0]->[0,0,0,1,0,1,1,0,0,0];
0436 |	[1,1,0,1,1,0,1,1,0,1]->[0,0,1,1,0,1,1,0,0,0];
0437 |	[1,1,0,1,1,0,1,1,1,0]->[0,1,0,1,0,1,1,1,0,0];
0438 |	[1,1,0,1,1,0,1,1,1,1]->[0,1,1,1,0,1,1,1,1,0];
0439 |	[1,1,0,1,1,1,0,0,0,0]->[1,0,0,1,0,1,1,0,0,0];
0440 |	[1,1,0,1,1,1,0,0,0,1]->[1,0,1,1,0,1,1,0,0,0];
0441 |	[1,1,0,1,1,1,0,0,1,0]->[1,1,0,1,0,1,1,0,0,0];
0442 |	[1,1,0,1,1,1,0,0,1,1]->[1,1,1,1,0,1,1,0,0,0];
0443 |	[1,1,0,1,1,1,0,1,0,0]->[1,0,0,1,0,1,1,0,0,0];
0444 |	[1,1,0,1,1,1,0,1,0,1]->[1,0,1,1,0,1,1,0,0,0];
0445 |	[1,1,0,1,1,1,0,1,1,0]->[1,1,0,1,0,1,1,0,0,0];
0446 |	[1,1,0,1,1,1,0,1,1,1]->[1,1,1,1,0,1,1,0,0,0];
0447 |	[1,1,0,1,1,1,1,0,0,0]->[0,1,0,0,0,0,1,0,0,0];"Low ROM auf ProfDOS
0448 |	[1,1,0,1,1,1,1,0,0,1]->[0,1,0,0,0,0,1,0,0,0];
0449 |	[1,1,0,1,1,1,1,0,1,0]->[0,1,0,0,0,0,1,0,0,0];
0450 |	[1,1,0,1,1,1,1,0,1,1]->[0,1,0,0,0,0,1,0,0,0];
0451 |	[1,1,0,1,1,1,1,1,0,0]->[0,1,0,0,1,0,1,0,0,0];"alternatives High-Rom auf Prof Dos Anpassung (von !off kopiert)
0452 |	[1,1,0,1,1,1,1,1,0,1]->[0,1,0,0,1,0,1,0,0,0];
0453 |	[1,1,0,1,1,1,1,1,1,0]->[0,1,0,0,1,0,1,0,0,0];
0454 |	[1,1,0,1,1,1,1,1,1,1]->[0,1,0,0,1,0,1,0,0,0];
0455 |	[1,x,1,0,x,0,0,0,0,0]->[0,1,0,x,1,1,0,0,0,0];"RAM ProfDOS
0456 |	[1,1,1,0,x,0,0,0,0,1]->[0,0,1,1,0,1,1,0,0,0];
0457 |	[1,1,1,0,x,0,0,0,1,0]->[0,1,0,1,1,1,0,0,0,0];
0458 |	[1,1,1,0,x,0,0,0,1,1]->[0,1,1,1,0,1,1,0,0,0];
0459 |	[1,1,1,0,x,0,0,1,0,0]->[0,0,0,1,0,1,1,0,0,0];
0460 |	[1,1,1,0,x,0,0,1,0,1]->[0,0,1,1,0,1,1,0,0,0];
0461 |	[1,1,1,0,x,0,0,1,1,0]->[0,1,0,1,0,1,1,0,0,0];
0462 |	[1,1,1,0,x,0,0,1,1,1]->[0,1,1,1,0,1,1,0,0,0];
0463 |	[1,1,1,0,x,0,1,0,0,0]->[0,1,0,1,1,1,1,0,0,0];
0464 |	[1,1,1,0,x,0,1,0,0,1]->[0,1,0,1,1,1,0,0,0,0];
0465 |	[1,1,1,0,x,0,1,0,1,0]->[0,1,0,1,1,1,0,0,0,0];
0466 |	[1,1,1,0,x,0,1,0,1,1]->[0,1,0,1,1,1,0,0,0,0];
0467 |	[1,1,1,0,x,0,1,1,0,0]->[0,1,0,1,0,0,1,0,0,0];
0468 |	[1,1,1,0,x,0,1,1,0,1]->[0,1,0,1,0,0,1,0,0,1];
0469 |	[1,1,1,0,x,0,1,1,1,0]->[0,1,0,1,0,0,1,1,0,0];
0470 |	[1,1,1,0,x,0,1,1,1,1]->[0,1,0,1,0,0,1,1,1,0];
0471 |	[1,1,1,0,x,1,0,0,0,0]->[1,0,0,1,0,1,1,0,0,0];
0472 |	[1,1,1,0,x,1,0,0,0,1]->[1,0,1,1,0,1,1,0,0,0];
0473 |	[1,1,1,0,x,1,0,0,1,0]->[1,1,0,1,0,1,1,0,0,0];
0474 |	[1,1,1,0,x,1,0,0,1,1]->[1,1,1,1,0,1,1,0,0,0];
0475 |	[1,1,1,0,x,1,0,1,0,0]->[0,1,0,1,0,1,1,0,0,0];
0476 |	[1,1,1,0,x,1,0,1,0,1]->[0,0,1,1,0,1,1,0,0,0];
0477 |	[1,1,1,0,x,1,0,1,1,0]->[0,1,0,1,0,1,1,0,0,0];
0478 |	[1,1,1,0,x,1,0,1,1,1]->[0,0,1,1,0,1,1,0,0,0];
0479 |	[1,1,1,0,x,1,1,0,0,0]->[0,1,0,0,0,0,1,0,0,0];"Low ROM auf ProfDOS
0480 |	[1,1,1,0,x,1,1,0,0,1]->[0,1,0,0,0,0,1,0,0,0];
0481 |	[1,1,1,0,x,1,1,0,1,0]->[0,1,0,0,0,0,1,0,0,0];
0482 |	[1,1,1,0,x,1,1,0,1,1]->[0,1,0,0,0,0,1,0,0,0];
0483 |	[1,1,1,0,x,1,1,1,0,0]->[0,1,0,1,1,0,1,0,0,0];"High-Rom ProfDos
0484 |	[1,1,1,0,x,1,1,1,0,1]->[0,1,0,1,1,0,1,0,0,0];
0485 |	[1,1,1,0,x,1,1,1,1,0]->[0,1,0,1,1,0,1,0,0,0];
0486 |	[1,1,1,0,x,1,1,1,1,1]->[0,1,0,1,1,0,1,0,0,0];
0487 |	[1,x,1,1,x,0,0,0,0,0]->[0,1,0,x,1,1,0,0,0,0];"RAM ProfDOS
0488 |	[1,1,1,1,0,0,0,0,0,1]->[0,0,1,1,0,1,1,x,x,0];
0489 |	[1,1,1,1,0,0,0,0,1,0]->[0,1,0,1,0,1,1,x,x,0];
0490 |	[1,1,1,1,0,0,0,0,1,1]->[0,1,1,1,0,1,1,x,x,0];
0491 |	[1,1,1,1,0,0,0,1,0,0]->[0,0,0,1,0,1,1,x,x,0];
0492 |	[1,1,1,1,0,0,0,1,0,1]->[0,0,1,1,0,1,1,x,x,0];
0493 |	[1,1,1,1,0,0,0,1,1,0]->[0,1,0,1,0,1,1,x,x,0];
0494 |	[1,1,1,1,0,0,0,1,1,1]->[0,1,1,1,0,1,1,x,x,0];
0495 |	[1,1,1,1,0,0,1,0,0,0]->[0,0,0,1,0,1,1,x,x,0];
0496 |	[1,1,1,1,0,0,1,0,0,1]->[0,0,1,1,0,1,1,x,x,0];
0497 |	[1,1,1,1,0,0,1,0,1,0]->[0,1,0,1,0,1,1,x,x,0];
0498 |	[1,1,1,1,0,0,1,0,1,1]->[0,1,1,1,0,1,1,x,x,0];
0499 |	[1,1,1,1,0,0,1,1,0,0]->[0,0,0,1,0,1,1,x,x,0];
0500 |	[1,1,1,1,0,0,1,1,0,1]->[0,0,1,1,0,1,1,x,x,0];
0501 |	[1,1,1,1,0,0,1,1,1,0]->[0,1,0,1,0,1,1,x,x,0];
0502 |	[1,1,1,1,0,0,1,1,1,1]->[0,1,1,1,0,1,1,x,x,0];
0503 |	[1,1,1,1,0,1,0,0,0,0]->[1,0,0,1,0,1,1,x,x,0];
0504 |	[1,1,1,1,0,1,0,0,0,1]->[1,0,1,1,0,1,1,x,x,0];
0505 |	[1,1,1,1,0,1,0,0,1,0]->[1,1,0,1,0,1,1,x,x,0];
0506 |	[1,1,1,1,0,1,0,0,1,1]->[1,1,1,1,0,1,1,x,x,0];
0507 |	[1,1,1,1,0,1,0,1,0,0]->[1,0,0,1,0,1,1,x,x,0];
0508 |	[1,1,1,1,0,1,0,1,0,1]->[1,0,1,1,0,1,1,x,x,0];
0509 |	[1,1,1,1,0,1,0,1,1,0]->[1,1,0,1,0,1,1,x,x,0];
0510 |	[1,1,1,1,0,1,0,1,1,1]->[1,1,1,1,0,1,1,x,x,0];
0511 |	[1,1,1,1,0,1,1,0,0,0]->[1,0,0,1,0,1,1,x,x,0];"Low-Rom auf dem Board (Weil HighROM auch Board)
0512 |	[1,1,1,1,0,1,1,0,0,1]->[1,0,1,1,0,1,1,x,x,0];
0513 |	[1,1,1,1,0,1,1,0,1,0]->[1,1,0,1,0,1,1,x,x,0];
0514 |	[1,1,1,1,0,1,1,0,1,1]->[1,1,1,1,0,1,1,x,x,0];
0515 |	[1,1,1,1,0,1,1,1,0,0]->[1,0,0,1,1,1,1,x,x,0];"High-Rom auf dem Board
0516 |	[1,1,1,1,0,1,1,1,0,1]->[1,0,1,1,1,1,1,x,x,0];
0517 |	[1,1,1,1,0,1,1,1,1,0]->[1,1,0,1,1,1,1,x,x,0];
0518 |	[1,1,1,1,0,1,1,1,1,1]->[1,1,1,1,1,1,1,x,x,0];
0519 |	[1,x,1,1,x,0,0,0,0,0]->[0,1,0,x,1,1,0,0,0,0];"RAM ProfDOS
0520 |	[1,1,1,1,1,0,0,0,0,1]->[0,0,1,1,0,1,1,0,0,0];
0521 |	[1,1,1,1,1,0,0,0,1,0]->[0,1,0,1,0,1,1,0,0,0];
0522 |	[1,1,1,1,1,0,0,0,1,1]->[0,1,1,1,0,1,1,0,0,0];
0523 |	[1,1,1,1,1,0,0,1,0,0]->[0,0,0,1,0,1,1,0,0,0];
0524 |	[1,1,1,1,1,0,0,1,0,1]->[0,0,1,1,0,1,1,0,0,0];
0525 |	[1,1,1,1,1,0,0,1,1,0]->[0,1,0,1,0,1,1,0,0,0];
0526 |	[1,1,1,1,1,0,0,1,1,1]->[0,1,1,1,0,1,1,0,0,0];
0527 |	[1,1,1,1,1,0,1,0,0,0]->[0,0,0,1,0,1,1,0,0,0];
0528 |	[1,1,1,1,1,0,1,0,0,1]->[0,0,1,1,0,1,1,0,0,0];
0529 |	[1,1,1,1,1,0,1,0,1,0]->[0,1,0,1,0,1,1,0,0,0];
0530 |	[1,1,1,1,1,0,1,0,1,1]->[0,1,1,1,0,1,1,0,0,0];
0531 |	[1,1,1,1,1,0,1,1,0,0]->[0,0,0,1,0,1,1,0,0,0];
0532 |	[1,1,1,1,1,0,1,1,0,1]->[0,0,1,1,0,1,1,0,0,0];
0533 |	[1,1,1,1,1,0,1,1,1,0]->[0,1,0,1,0,1,1,1,0,0];
0534 |	[1,1,1,1,1,0,1,1,1,1]->[0,1,1,1,0,1,1,1,1,0];
0535 |	[1,1,1,1,1,1,0,0,0,0]->[1,0,0,1,0,1,1,0,0,0];
0536 |	[1,1,1,1,1,1,0,0,0,1]->[1,0,1,1,0,1,1,0,0,0];
0537 |	[1,1,1,1,1,1,0,0,1,0]->[1,1,0,1,0,1,1,0,0,0];
0538 |	[1,1,1,1,1,1,0,0,1,1]->[1,1,1,1,0,1,1,0,0,0];
0539 |	[1,1,1,1,1,1,0,1,0,0]->[1,0,0,1,0,1,1,0,0,0];
0540 |	[1,1,1,1,1,1,0,1,0,1]->[1,0,1,1,0,1,1,0,0,0];
0541 |	[1,1,1,1,1,1,0,1,1,0]->[1,1,0,1,0,1,1,0,0,0];
0542 |	[1,1,1,1,1,1,0,1,1,1]->[1,1,1,1,0,1,1,0,0,0];
0543 |	[1,1,1,1,1,1,1,0,0,0]->[0,1,0,0,0,0,1,0,0,0];"Low ROM auf ProfDOS
0544 |	[1,1,1,1,1,1,1,0,0,1]->[0,1,0,0,0,0,1,0,0,0];
0545 |	[1,1,1,1,1,1,1,0,1,0]->[0,1,0,0,0,0,1,0,0,0];
0546 |	[1,1,1,1,1,1,1,0,1,1]->[0,1,0,0,0,0,1,0,0,0];
0547 |	[1,1,1,1,1,1,1,1,0,0]->[0,1,0,0,1,0,1,0,0,0];"alternatives High-Rom auf Prof Dos Anpassung (von !off kopiert)
0548 |	[1,1,1,1,1,1,1,1,0,1]->[0,1,0,0,1,0,1,0,0,0];
0549 |	[1,1,1,1,1,1,1,1,1,0]->[0,1,0,0,1,0,1,0,0,0];
0550 |	[1,1,1,1,1,1,1,1,1,1]->[0,1,0,0,1,0,1,0,0,0];
0551 |
0552 |
0553 |END 
0554 |
